

================================================================
== Vivado HLS Report for 'tri_intersect'
================================================================
* Date:           Sat May 07 17:06:36 2016

* Version:        2015.1 (Build 1215546 on Mon Apr 27 19:24:50 PM 2015)
* Project:        triangle_intersect
* Solution:       tri_intersect
* Product family: zynq
* Target device:  xc7z020clg484-1


================================================================
== Performance Estimates
================================================================
+ Timing (ns): 
    * Summary: 
    +---------+-------+----------+------------+
    |  Clock  | Target| Estimated| Uncertainty|
    +---------+-------+----------+------------+
    |default  |   5.00|      5.52|        0.63|
    +---------+-------+----------+------------+

+ Latency (clock cycles): 
    * Summary: 
    +-----+-----+-----+-----+---------+
    |  Latency  |  Interval | Pipeline|
    | min | max | min | max |   Type  |
    +-----+-----+-----+-----+---------+
    |   90|   90|   91|   91|   none  |
    +-----+-----+-----+-----+---------+

    + Detail: 
        * Instance: 
        N/A

        * Loop: 
        N/A



================================================================
== Utilization Estimates
================================================================
* Summary: 
+-----------------+---------+-------+--------+-------+
|       Name      | BRAM_18K| DSP48E|   FF   |  LUT  |
+-----------------+---------+-------+--------+-------+
|Expression       |        -|      -|       0|     45|
|FIFO             |        -|      -|       -|      -|
|Instance         |        -|     24|    3314|   4248|
|Memory           |        -|      -|       -|      -|
|Multiplexer      |        -|      -|       -|    851|
|Register         |        -|      -|    1256|      -|
+-----------------+---------+-------+--------+-------+
|Total            |        0|     24|    4570|   5144|
+-----------------+---------+-------+--------+-------+
|Available        |      280|    220|  106400|  53200|
+-----------------+---------+-------+--------+-------+
|Utilization (%)  |        0|     10|       4|      9|
+-----------------+---------+-------+--------+-------+

+ Detail: 
    * Instance: 
    +---------------------------------------------------+------------------------------------------------+---------+-------+------+------+
    |                      Instance                     |                     Module                     | BRAM_18K| DSP48E|  FF  |  LUT |
    +---------------------------------------------------+------------------------------------------------+---------+-------+------+------+
    |tri_intersect_faddfsub_32ns_32ns_32_9_full_dsp_U0  |tri_intersect_faddfsub_32ns_32ns_32_9_full_dsp  |        0|      2|   324|   424|
    |tri_intersect_faddfsub_32ns_32ns_32_9_full_dsp_U1  |tri_intersect_faddfsub_32ns_32ns_32_9_full_dsp  |        0|      2|   324|   424|
    |tri_intersect_faddfsub_32ns_32ns_32_9_full_dsp_U2  |tri_intersect_faddfsub_32ns_32ns_32_9_full_dsp  |        0|      2|   324|   424|
    |tri_intersect_fdiv_32ns_32ns_32_30_U9              |tri_intersect_fdiv_32ns_32ns_32_30              |        0|      0|  1436|  1026|
    |tri_intersect_fmul_32ns_32ns_32_5_max_dsp_U3       |tri_intersect_fmul_32ns_32ns_32_5_max_dsp       |        0|      3|   151|   325|
    |tri_intersect_fmul_32ns_32ns_32_5_max_dsp_U4       |tri_intersect_fmul_32ns_32ns_32_5_max_dsp       |        0|      3|   151|   325|
    |tri_intersect_fmul_32ns_32ns_32_5_max_dsp_U5       |tri_intersect_fmul_32ns_32ns_32_5_max_dsp       |        0|      3|   151|   325|
    |tri_intersect_fmul_32ns_32ns_32_5_max_dsp_U6       |tri_intersect_fmul_32ns_32ns_32_5_max_dsp       |        0|      3|   151|   325|
    |tri_intersect_fmul_32ns_32ns_32_5_max_dsp_U7       |tri_intersect_fmul_32ns_32ns_32_5_max_dsp       |        0|      3|   151|   325|
    |tri_intersect_fmul_32ns_32ns_32_5_max_dsp_U8       |tri_intersect_fmul_32ns_32ns_32_5_max_dsp       |        0|      3|   151|   325|
    +---------------------------------------------------+------------------------------------------------+---------+-------+------+------+
    |Total                                              |                                                |        0|     24|  3314|  4248|
    +---------------------------------------------------+------------------------------------------------+---------+-------+------+------+

    * Memory: 
    N/A

    * FIFO: 
    N/A

    * Expression: 
    +----------------------+----------+-------+---+----+------------+------------+
    |     Variable Name    | Operation| DSP48E| FF| LUT| Bitwidth P0| Bitwidth P1|
    +----------------------+----------+-------+---+----+------------+------------+
    |tmp_26_neg_fu_282_p2  |    xor   |      0|  0|  45|          32|          33|
    +----------------------+----------+-------+---+----+------------+------------+
    |Total                 |          |      0|  0|  45|          32|          33|
    +----------------------+----------+-------+---+----+------------+------------+

    * Multiplexer: 
    +----------------------------+-----+-----------+-----+-----------+
    |            Name            | LUT | Input Size| Bits| Total Bits|
    +----------------------------+-----+-----------+-----+-----------+
    |ap_NS_fsm                   |  203|         92|    1|         92|
    |ap_sig_ioackin_outs_TREADY  |    1|          2|    1|          2|
    |grp_fu_103_opcode           |    2|          3|    2|          6|
    |grp_fu_103_p0               |   64|          8|   32|        256|
    |grp_fu_103_p1               |   32|          7|   32|        224|
    |grp_fu_107_opcode           |    2|          3|    2|          6|
    |grp_fu_107_p0               |   32|          3|   32|         96|
    |grp_fu_107_p1               |   32|          3|   32|         96|
    |grp_fu_111_p0               |   32|          7|   32|        224|
    |grp_fu_111_p1               |   64|          9|   32|        288|
    |grp_fu_115_p0               |   32|          7|   32|        224|
    |grp_fu_115_p1               |   64|          8|   32|        256|
    |grp_fu_119_p0               |   32|          5|   32|        160|
    |grp_fu_119_p1               |   32|          6|   32|        192|
    |grp_fu_123_p0               |   32|          5|   32|        160|
    |grp_fu_123_p1               |   32|          5|   32|        160|
    |grp_fu_99_opcode            |    2|          3|    2|          6|
    |grp_fu_99_p0                |   64|          9|   32|        288|
    |grp_fu_99_p1                |   64|         10|   32|        320|
    |outs_TDATA                  |   32|          4|   32|        128|
    |outs_TLAST                  |    1|          3|    1|          3|
    +----------------------------+-----+-----------+-----+-----------+
    |Total                       |  851|        202|  489|       3187|
    +----------------------------+-----+-----------+-----+-----------+

    * Register: 
    +----------------------------+----+----+-----+-----------+
    |            Name            | FF | LUT| Bits| Const Bits|
    +----------------------------+----+----+-----+-----------+
    |ap_CS_fsm                   |  91|   0|   91|          0|
    |ap_reg_ioackin_outs_TREADY  |   1|   0|    1|          0|
    |c_reg_414                   |  32|   0|   32|          0|
    |im_reg_450                  |  32|   0|   32|          0|
    |ins_dest_V_val_reg_402      |   1|   0|    1|          0|
    |ins_id_V_val_reg_397        |   1|   0|    1|          0|
    |ins_keep_V_val_reg_377      |   4|   0|    4|          0|
    |ins_last_V_val_reg_392      |   1|   0|    1|          0|
    |ins_strb_V_val_reg_382      |   4|   0|    4|          0|
    |ins_user_V_val_reg_387      |   1|   0|    1|          0|
    |k_reg_407                   |  32|   0|   32|          0|
    |l_reg_421                   |  32|   0|   32|          0|
    |rdx_reg_341                 |  32|   0|   32|          0|
    |rdy_reg_348                 |  32|   0|   32|          0|
    |rdz_reg_355                 |  32|   0|   32|          0|
    |reg_147                     |  32|   0|   32|          0|
    |reg_154                     |  32|   0|   32|          0|
    |reg_163                     |  32|   0|   32|          0|
    |reg_171                     |  32|   0|   32|          0|
    |reg_181                     |  32|   0|   32|          0|
    |reg_190                     |  32|   0|   32|          0|
    |reg_198                     |  32|   0|   32|          0|
    |reg_203                     |  32|   0|   32|          0|
    |reg_209                     |  32|   0|   32|          0|
    |reg_215                     |  32|   0|   32|          0|
    |reg_220                     |  32|   0|   32|          0|
    |reg_226                     |  32|   0|   32|          0|
    |reg_232                     |  32|   0|   32|          0|
    |reg_237                     |  32|   0|   32|          0|
    |reg_242                     |  32|   0|   32|          0|
    |reg_248                     |  32|   0|   32|          0|
    |tmp_26_neg_reg_457          |  32|   0|   32|          0|
    |tmp_2_reg_428               |  32|   0|   32|          0|
    |tmp_32_reg_440              |  32|   0|   32|          0|
    |tmp_33_reg_445              |  32|   0|   32|          0|
    |tmp_6_reg_434               |  32|   0|   32|          0|
    |v0x_reg_292                 |  32|   0|   32|          0|
    |v0y_reg_298                 |  32|   0|   32|          0|
    |v0z_reg_304                 |  32|   0|   32|          0|
    |v1x_reg_311                 |  32|   0|   32|          0|
    |v1y_reg_316                 |  32|   0|   32|          0|
    |v1z_reg_321                 |  32|   0|   32|          0|
    |v2x_reg_326                 |  32|   0|   32|          0|
    |v2y_reg_331                 |  32|   0|   32|          0|
    +----------------------------+----+----+-----+-----------+
    |Total                       |1256|   0| 1256|          0|
    +----------------------------+----+----+-----+-----------+



================================================================
== Interface
================================================================
* Summary: 
+-------------+-----+-----+--------------+---------------+--------------+
|  RTL Ports  | Dir | Bits|   Protocol   | Source Object |    C Type    |
+-------------+-----+-----+--------------+---------------+--------------+
|ap_clk       |  in |    1| ap_ctrl_none | tri_intersect | return value |
|ap_rst_n     |  in |    1| ap_ctrl_none | tri_intersect | return value |
|ins_TDATA    |  in |   32|     axis     |    ins_data   |    pointer   |
|ins_TVALID   |  in |    1|     axis     |    ins_data   |    pointer   |
|ins_TREADY   | out |    1|     axis     |   ins_dest_V  |    pointer   |
|ins_TDEST    |  in |    1|     axis     |   ins_dest_V  |    pointer   |
|ins_TKEEP    |  in |    4|     axis     |   ins_keep_V  |    pointer   |
|ins_TSTRB    |  in |    4|     axis     |   ins_strb_V  |    pointer   |
|ins_TUSER    |  in |    1|     axis     |   ins_user_V  |    pointer   |
|ins_TLAST    |  in |    1|     axis     |   ins_last_V  |    pointer   |
|ins_TID      |  in |    1|     axis     |    ins_id_V   |    pointer   |
|outs_TDATA   | out |   32|     axis     |   outs_data   |    pointer   |
|outs_TVALID  | out |    1|     axis     |  outs_dest_V  |    pointer   |
|outs_TREADY  |  in |    1|     axis     |  outs_dest_V  |    pointer   |
|outs_TDEST   | out |    1|     axis     |  outs_dest_V  |    pointer   |
|outs_TKEEP   | out |    4|     axis     |  outs_keep_V  |    pointer   |
|outs_TSTRB   | out |    4|     axis     |  outs_strb_V  |    pointer   |
|outs_TUSER   | out |    1|     axis     |  outs_user_V  |    pointer   |
|outs_TLAST   | out |    1|     axis     |  outs_last_V  |    pointer   |
|outs_TID     | out |    1|     axis     |   outs_id_V   |    pointer   |
+-------------+-----+-----+--------------+---------------+--------------+

