

================================================================
== Vivado HLS Report for 'tri_intersect'
================================================================
* Date:           Sat May 07 17:06:36 2016

* Version:        2015.1 (Build 1215546 on Mon Apr 27 19:24:50 PM 2015)
* Project:        triangle_intersect
* Solution:       tri_intersect
* Product family: zynq
* Target device:  xc7z020clg484-1


================================================================
== Performance Estimates
================================================================
+ Timing (ns): 
    * Summary: 
    +---------+-------+----------+------------+
    |  Clock  | Target| Estimated| Uncertainty|
    +---------+-------+----------+------------+
    |default  |   5.00|      4.35|        0.63|
    +---------+-------+----------+------------+

+ Latency (clock cycles): 
    * Summary: 
    +-----+-----+-----+-----+---------+
    |  Latency  |  Interval | Pipeline|
    | min | max | min | max |   Type  |
    +-----+-----+-----+-----+---------+
    |   90|   90|   91|   91|   none  |
    +-----+-----+-----+-----+---------+

    + Detail: 
        * Instance: 
        N/A

        * Loop: 
        N/A



================================================================
== Utilization Estimates
================================================================
* Summary: 
+-----------------+---------+-------+--------+-------+
|       Name      | BRAM_18K| DSP48E|   FF   |  LUT  |
+-----------------+---------+-------+--------+-------+
|Expression       |        -|      -|       -|      -|
|FIFO             |        -|      -|       -|      -|
|Instance         |        -|      -|       -|      -|
|Memory           |        -|      -|       -|      -|
|Multiplexer      |        -|      -|       -|      -|
|Register         |        -|      -|       -|      -|
+-----------------+---------+-------+--------+-------+
|Total            |        0|      0|       0|      0|
+-----------------+---------+-------+--------+-------+
|Available        |      280|    220|  106400|  53200|
+-----------------+---------+-------+--------+-------+
|Utilization (%)  |        0|      0|       0|      0|
+-----------------+---------+-------+--------+-------+

+ Detail: 
    * Instance: 
    N/A

    * Memory: 
    N/A

    * FIFO: 
    N/A

    * Expression: 
    N/A

    * Multiplexer: 
    N/A

    * Register: 
    N/A



================================================================
== Interface
================================================================
* Summary: 
N/A

============================================================
+ Verbose Summary: Synthesis Manager
============================================================
InlineROM: 1
ExposeGlobal: 0
============================================================
+ Verbose Summary: CDFG Model
============================================================
IsTopModel: 1
ResetActiveHigh: 1
IsCombinational: 0
IsDatapathOnly: 0
HasWiredReturn: 1
HasMFsm: 0
HasVarLatency: 1
IsPipeline: 0
IsRtlPipelined: 0
IsInstanceOverlapped: 0
IsDontTouch: 0
HasImplIP: 0
IsGatedGlobalClock: 0


============================================================
+ Verbose Summary: Schedule
============================================================
* Number of FSM states: 91
* Pipeline: 0
* Dataflow Pipeline: 0

* FSM state transitions: 
1 --> 
	2  / true
2 --> 
	3  / true
3 --> 
	4  / true
4 --> 
	5  / true
5 --> 
	6  / true
6 --> 
	7  / true
7 --> 
	8  / true
8 --> 
	9  / true
9 --> 
	10  / true
10 --> 
	11  / true
11 --> 
	12  / true
12 --> 
	13  / true
13 --> 
	14  / true
14 --> 
	15  / true
15 --> 
	16  / true
16 --> 
	17  / true
17 --> 
	18  / true
18 --> 
	19  / true
19 --> 
	20  / true
20 --> 
	21  / true
21 --> 
	22  / true
22 --> 
	23  / true
23 --> 
	24  / true
24 --> 
	25  / true
25 --> 
	26  / true
26 --> 
	27  / true
27 --> 
	28  / true
28 --> 
	29  / true
29 --> 
	30  / true
30 --> 
	31  / true
31 --> 
	32  / true
32 --> 
	33  / true
33 --> 
	34  / true
34 --> 
	35  / true
35 --> 
	36  / true
36 --> 
	37  / true
37 --> 
	38  / true
38 --> 
	39  / true
39 --> 
	40  / true
40 --> 
	41  / true
41 --> 
	42  / true
42 --> 
	43  / true
43 --> 
	44  / true
44 --> 
	45  / true
45 --> 
	46  / true
46 --> 
	47  / true
47 --> 
	48  / true
48 --> 
	49  / true
49 --> 
	50  / true
50 --> 
	51  / true
51 --> 
	52  / true
52 --> 
	53  / true
53 --> 
	54  / true
54 --> 
	55  / true
55 --> 
	56  / true
56 --> 
	57  / true
57 --> 
	58  / true
58 --> 
	59  / true
59 --> 
	60  / true
60 --> 
	61  / true
61 --> 
	62  / true
62 --> 
	63  / true
63 --> 
	64  / true
64 --> 
	65  / true
65 --> 
	66  / true
66 --> 
	67  / true
67 --> 
	68  / true
68 --> 
	69  / true
69 --> 
	70  / true
70 --> 
	71  / true
71 --> 
	72  / true
72 --> 
	73  / true
73 --> 
	74  / true
74 --> 
	75  / true
75 --> 
	76  / true
76 --> 
	77  / true
77 --> 
	78  / true
78 --> 
	79  / true
79 --> 
	80  / true
80 --> 
	81  / true
81 --> 
	82  / true
82 --> 
	83  / true
83 --> 
	84  / true
84 --> 
	85  / true
85 --> 
	86  / true
86 --> 
	87  / true
87 --> 
	88  / true
88 --> 
	89  / true
89 --> 
	90  / true
90 --> 
	91  / true
91 --> 
* FSM state operations: 

 <State 1>: 0.00ns
ST_1: empty [1/1] 0.00ns
:18  %empty = call { float, i4, i4, i1, i1, i1, i1 } @_ssdm_op_Read.axis.volatile.floatP.i4P.i4P.i1P.i1P.i1P.i1P(float* %ins_data, i4* %ins_keep_V, i4* %ins_strb_V, i1* %ins_user_V, i1* %ins_last_V, i1* %ins_id_V, i1* %ins_dest_V)

ST_1: v0x [1/1] 0.00ns
:19  %v0x = extractvalue { float, i4, i4, i1, i1, i1, i1 } %empty, 0


 <State 2>: 0.00ns
ST_2: empty_2 [1/1] 0.00ns
:20  %empty_2 = call { float, i4, i4, i1, i1, i1, i1 } @_ssdm_op_Read.axis.volatile.floatP.i4P.i4P.i1P.i1P.i1P.i1P(float* %ins_data, i4* %ins_keep_V, i4* %ins_strb_V, i1* %ins_user_V, i1* %ins_last_V, i1* %ins_id_V, i1* %ins_dest_V)

ST_2: v0y [1/1] 0.00ns
:21  %v0y = extractvalue { float, i4, i4, i1, i1, i1, i1 } %empty_2, 0


 <State 3>: 0.00ns
ST_3: empty_3 [1/1] 0.00ns
:22  %empty_3 = call { float, i4, i4, i1, i1, i1, i1 } @_ssdm_op_Read.axis.volatile.floatP.i4P.i4P.i1P.i1P.i1P.i1P(float* %ins_data, i4* %ins_keep_V, i4* %ins_strb_V, i1* %ins_user_V, i1* %ins_last_V, i1* %ins_id_V, i1* %ins_dest_V)

ST_3: v0z [1/1] 0.00ns
:23  %v0z = extractvalue { float, i4, i4, i1, i1, i1, i1 } %empty_3, 0


 <State 4>: 0.00ns
ST_4: empty_4 [1/1] 0.00ns
:24  %empty_4 = call { float, i4, i4, i1, i1, i1, i1 } @_ssdm_op_Read.axis.volatile.floatP.i4P.i4P.i1P.i1P.i1P.i1P(float* %ins_data, i4* %ins_keep_V, i4* %ins_strb_V, i1* %ins_user_V, i1* %ins_last_V, i1* %ins_id_V, i1* %ins_dest_V)

ST_4: v1x [1/1] 0.00ns
:25  %v1x = extractvalue { float, i4, i4, i1, i1, i1, i1 } %empty_4, 0


 <State 5>: 0.00ns
ST_5: empty_5 [1/1] 0.00ns
:26  %empty_5 = call { float, i4, i4, i1, i1, i1, i1 } @_ssdm_op_Read.axis.volatile.floatP.i4P.i4P.i1P.i1P.i1P.i1P(float* %ins_data, i4* %ins_keep_V, i4* %ins_strb_V, i1* %ins_user_V, i1* %ins_last_V, i1* %ins_id_V, i1* %ins_dest_V)

ST_5: v1y [1/1] 0.00ns
:27  %v1y = extractvalue { float, i4, i4, i1, i1, i1, i1 } %empty_5, 0


 <State 6>: 0.00ns
ST_6: empty_6 [1/1] 0.00ns
:28  %empty_6 = call { float, i4, i4, i1, i1, i1, i1 } @_ssdm_op_Read.axis.volatile.floatP.i4P.i4P.i1P.i1P.i1P.i1P(float* %ins_data, i4* %ins_keep_V, i4* %ins_strb_V, i1* %ins_user_V, i1* %ins_last_V, i1* %ins_id_V, i1* %ins_dest_V)

ST_6: v1z [1/1] 0.00ns
:29  %v1z = extractvalue { float, i4, i4, i1, i1, i1, i1 } %empty_6, 0


 <State 7>: 0.00ns
ST_7: empty_7 [1/1] 0.00ns
:30  %empty_7 = call { float, i4, i4, i1, i1, i1, i1 } @_ssdm_op_Read.axis.volatile.floatP.i4P.i4P.i1P.i1P.i1P.i1P(float* %ins_data, i4* %ins_keep_V, i4* %ins_strb_V, i1* %ins_user_V, i1* %ins_last_V, i1* %ins_id_V, i1* %ins_dest_V)

ST_7: v2x [1/1] 0.00ns
:31  %v2x = extractvalue { float, i4, i4, i1, i1, i1, i1 } %empty_7, 0


 <State 8>: 0.00ns
ST_8: empty_8 [1/1] 0.00ns
:32  %empty_8 = call { float, i4, i4, i1, i1, i1, i1 } @_ssdm_op_Read.axis.volatile.floatP.i4P.i4P.i1P.i1P.i1P.i1P(float* %ins_data, i4* %ins_keep_V, i4* %ins_strb_V, i1* %ins_user_V, i1* %ins_last_V, i1* %ins_id_V, i1* %ins_dest_V)

ST_8: v2y [1/1] 0.00ns
:33  %v2y = extractvalue { float, i4, i4, i1, i1, i1, i1 } %empty_8, 0


 <State 9>: 4.35ns
ST_9: empty_9 [1/1] 0.00ns
:34  %empty_9 = call { float, i4, i4, i1, i1, i1, i1 } @_ssdm_op_Read.axis.volatile.floatP.i4P.i4P.i1P.i1P.i1P.i1P(float* %ins_data, i4* %ins_keep_V, i4* %ins_strb_V, i1* %ins_user_V, i1* %ins_last_V, i1* %ins_id_V, i1* %ins_dest_V)

ST_9: v2z [1/1] 0.00ns
:35  %v2z = extractvalue { float, i4, i4, i1, i1, i1, i1 } %empty_9, 0

ST_9: d [9/9] 4.35ns
:57  %d = fsub float %v0x, %v2x

ST_9: e [9/9] 4.35ns
:58  %e = fsub float %v0y, %v2y

ST_9: f [9/9] 4.35ns
:59  %f = fsub float %v0z, %v2z


 <State 10>: 4.35ns
ST_10: empty_10 [1/1] 0.00ns
:36  %empty_10 = call { float, i4, i4, i1, i1, i1, i1 } @_ssdm_op_Read.axis.volatile.floatP.i4P.i4P.i1P.i1P.i1P.i1P(float* %ins_data, i4* %ins_keep_V, i4* %ins_strb_V, i1* %ins_user_V, i1* %ins_last_V, i1* %ins_id_V, i1* %ins_dest_V)

ST_10: rdx [1/1] 0.00ns
:37  %rdx = extractvalue { float, i4, i4, i1, i1, i1, i1 } %empty_10, 0

ST_10: d [8/9] 4.35ns
:57  %d = fsub float %v0x, %v2x

ST_10: e [8/9] 4.35ns
:58  %e = fsub float %v0y, %v2y

ST_10: f [8/9] 4.35ns
:59  %f = fsub float %v0z, %v2z


 <State 11>: 4.35ns
ST_11: empty_11 [1/1] 0.00ns
:38  %empty_11 = call { float, i4, i4, i1, i1, i1, i1 } @_ssdm_op_Read.axis.volatile.floatP.i4P.i4P.i1P.i1P.i1P.i1P(float* %ins_data, i4* %ins_keep_V, i4* %ins_strb_V, i1* %ins_user_V, i1* %ins_last_V, i1* %ins_id_V, i1* %ins_dest_V)

ST_11: rdy [1/1] 0.00ns
:39  %rdy = extractvalue { float, i4, i4, i1, i1, i1, i1 } %empty_11, 0

ST_11: d [7/9] 4.35ns
:57  %d = fsub float %v0x, %v2x

ST_11: e [7/9] 4.35ns
:58  %e = fsub float %v0y, %v2y

ST_11: f [7/9] 4.35ns
:59  %f = fsub float %v0z, %v2z


 <State 12>: 4.35ns
ST_12: empty_12 [1/1] 0.00ns
:40  %empty_12 = call { float, i4, i4, i1, i1, i1, i1 } @_ssdm_op_Read.axis.volatile.floatP.i4P.i4P.i1P.i1P.i1P.i1P(float* %ins_data, i4* %ins_keep_V, i4* %ins_strb_V, i1* %ins_user_V, i1* %ins_last_V, i1* %ins_id_V, i1* %ins_dest_V)

ST_12: rdz [1/1] 0.00ns
:41  %rdz = extractvalue { float, i4, i4, i1, i1, i1, i1 } %empty_12, 0

ST_12: d [6/9] 4.35ns
:57  %d = fsub float %v0x, %v2x

ST_12: e [6/9] 4.35ns
:58  %e = fsub float %v0y, %v2y

ST_12: f [6/9] 4.35ns
:59  %f = fsub float %v0z, %v2z


 <State 13>: 4.35ns
ST_13: empty_13 [1/1] 0.00ns
:42  %empty_13 = call { float, i4, i4, i1, i1, i1, i1 } @_ssdm_op_Read.axis.volatile.floatP.i4P.i4P.i1P.i1P.i1P.i1P(float* %ins_data, i4* %ins_keep_V, i4* %ins_strb_V, i1* %ins_user_V, i1* %ins_last_V, i1* %ins_id_V, i1* %ins_dest_V)

ST_13: rex [1/1] 0.00ns
:43  %rex = extractvalue { float, i4, i4, i1, i1, i1, i1 } %empty_13, 0

ST_13: a [9/9] 4.35ns
:54  %a = fsub float %v0x, %v1x

ST_13: d [5/9] 4.35ns
:57  %d = fsub float %v0x, %v2x

ST_13: e [5/9] 4.35ns
:58  %e = fsub float %v0y, %v2y

ST_13: f [5/9] 4.35ns
:59  %f = fsub float %v0z, %v2z

ST_13: j [9/9] 4.35ns
:60  %j = fsub float %v0x, %rex


 <State 14>: 4.35ns
ST_14: empty_14 [1/1] 0.00ns
:44  %empty_14 = call { float, i4, i4, i1, i1, i1, i1 } @_ssdm_op_Read.axis.volatile.floatP.i4P.i4P.i1P.i1P.i1P.i1P(float* %ins_data, i4* %ins_keep_V, i4* %ins_strb_V, i1* %ins_user_V, i1* %ins_last_V, i1* %ins_id_V, i1* %ins_dest_V)

ST_14: rey [1/1] 0.00ns
:45  %rey = extractvalue { float, i4, i4, i1, i1, i1, i1 } %empty_14, 0

ST_14: a [8/9] 4.35ns
:54  %a = fsub float %v0x, %v1x

ST_14: b [9/9] 4.35ns
:55  %b = fsub float %v0y, %v1y

ST_14: d [4/9] 4.35ns
:57  %d = fsub float %v0x, %v2x

ST_14: e [4/9] 4.35ns
:58  %e = fsub float %v0y, %v2y

ST_14: f [4/9] 4.35ns
:59  %f = fsub float %v0z, %v2z

ST_14: j [8/9] 4.35ns
:60  %j = fsub float %v0x, %rex

ST_14: k [9/9] 4.35ns
:61  %k = fsub float %v0y, %rey


 <State 15>: 4.35ns
ST_15: empty_15 [1/1] 0.00ns
:46  %empty_15 = call { float, i4, i4, i1, i1, i1, i1 } @_ssdm_op_Read.axis.volatile.floatP.i4P.i4P.i1P.i1P.i1P.i1P(float* %ins_data, i4* %ins_keep_V, i4* %ins_strb_V, i1* %ins_user_V, i1* %ins_last_V, i1* %ins_id_V, i1* %ins_dest_V)

ST_15: rez [1/1] 0.00ns
:47  %rez = extractvalue { float, i4, i4, i1, i1, i1, i1 } %empty_15, 0

ST_15: ins_keep_V_val [1/1] 0.00ns
:48  %ins_keep_V_val = extractvalue { float, i4, i4, i1, i1, i1, i1 } %empty_15, 1

ST_15: ins_strb_V_val [1/1] 0.00ns
:49  %ins_strb_V_val = extractvalue { float, i4, i4, i1, i1, i1, i1 } %empty_15, 2

ST_15: ins_user_V_val [1/1] 0.00ns
:50  %ins_user_V_val = extractvalue { float, i4, i4, i1, i1, i1, i1 } %empty_15, 3

ST_15: ins_last_V_val [1/1] 0.00ns
:51  %ins_last_V_val = extractvalue { float, i4, i4, i1, i1, i1, i1 } %empty_15, 4

ST_15: ins_id_V_val [1/1] 0.00ns
:52  %ins_id_V_val = extractvalue { float, i4, i4, i1, i1, i1, i1 } %empty_15, 5

ST_15: ins_dest_V_val [1/1] 0.00ns
:53  %ins_dest_V_val = extractvalue { float, i4, i4, i1, i1, i1, i1 } %empty_15, 6

ST_15: a [7/9] 4.35ns
:54  %a = fsub float %v0x, %v1x

ST_15: b [8/9] 4.35ns
:55  %b = fsub float %v0y, %v1y

ST_15: c [9/9] 4.35ns
:56  %c = fsub float %v0z, %v1z

ST_15: d [3/9] 4.35ns
:57  %d = fsub float %v0x, %v2x

ST_15: e [3/9] 4.35ns
:58  %e = fsub float %v0y, %v2y

ST_15: f [3/9] 4.35ns
:59  %f = fsub float %v0z, %v2z

ST_15: j [7/9] 4.35ns
:60  %j = fsub float %v0x, %rex

ST_15: k [8/9] 4.35ns
:61  %k = fsub float %v0y, %rey

ST_15: l [9/9] 4.35ns
:62  %l = fsub float %v0z, %rez


 <State 16>: 4.35ns
ST_16: a [6/9] 4.35ns
:54  %a = fsub float %v0x, %v1x

ST_16: b [7/9] 4.35ns
:55  %b = fsub float %v0y, %v1y

ST_16: c [8/9] 4.35ns
:56  %c = fsub float %v0z, %v1z

ST_16: d [2/9] 4.35ns
:57  %d = fsub float %v0x, %v2x

ST_16: e [2/9] 4.35ns
:58  %e = fsub float %v0y, %v2y

ST_16: f [2/9] 4.35ns
:59  %f = fsub float %v0z, %v2z

ST_16: j [6/9] 4.35ns
:60  %j = fsub float %v0x, %rex

ST_16: k [7/9] 4.35ns
:61  %k = fsub float %v0y, %rey

ST_16: l [8/9] 4.35ns
:62  %l = fsub float %v0z, %rez


 <State 17>: 4.35ns
ST_17: a [5/9] 4.35ns
:54  %a = fsub float %v0x, %v1x

ST_17: b [6/9] 4.35ns
:55  %b = fsub float %v0y, %v1y

ST_17: c [7/9] 4.35ns
:56  %c = fsub float %v0z, %v1z

ST_17: d [1/9] 4.35ns
:57  %d = fsub float %v0x, %v2x

ST_17: e [1/9] 4.35ns
:58  %e = fsub float %v0y, %v2y

ST_17: f [1/9] 4.35ns
:59  %f = fsub float %v0z, %v2z

ST_17: j [5/9] 4.35ns
:60  %j = fsub float %v0x, %rex

ST_17: k [6/9] 4.35ns
:61  %k = fsub float %v0y, %rey

ST_17: l [7/9] 4.35ns
:62  %l = fsub float %v0z, %rez


 <State 18>: 4.35ns
ST_18: a [4/9] 4.35ns
:54  %a = fsub float %v0x, %v1x

ST_18: b [5/9] 4.35ns
:55  %b = fsub float %v0y, %v1y

ST_18: c [6/9] 4.35ns
:56  %c = fsub float %v0z, %v1z

ST_18: j [4/9] 4.35ns
:60  %j = fsub float %v0x, %rex

ST_18: k [5/9] 4.35ns
:61  %k = fsub float %v0y, %rey

ST_18: l [6/9] 4.35ns
:62  %l = fsub float %v0z, %rez

ST_18: tmp [5/5] 4.35ns
:63  %tmp = fmul float %e, %rdz

ST_18: tmp_1 [5/5] 4.35ns
:64  %tmp_1 = fmul float %rdy, %f

ST_18: tmp_4 [5/5] 4.35ns
:67  %tmp_4 = fmul float %rdx, %f

ST_18: tmp_5 [5/5] 4.35ns
:68  %tmp_5 = fmul float %d, %rdz


 <State 19>: 4.35ns
ST_19: a [3/9] 4.35ns
:54  %a = fsub float %v0x, %v1x

ST_19: b [4/9] 4.35ns
:55  %b = fsub float %v0y, %v1y

ST_19: c [5/9] 4.35ns
:56  %c = fsub float %v0z, %v1z

ST_19: j [3/9] 4.35ns
:60  %j = fsub float %v0x, %rex

ST_19: k [4/9] 4.35ns
:61  %k = fsub float %v0y, %rey

ST_19: l [5/9] 4.35ns
:62  %l = fsub float %v0z, %rez

ST_19: tmp [4/5] 4.35ns
:63  %tmp = fmul float %e, %rdz

ST_19: tmp_1 [4/5] 4.35ns
:64  %tmp_1 = fmul float %rdy, %f

ST_19: tmp_4 [4/5] 4.35ns
:67  %tmp_4 = fmul float %rdx, %f

ST_19: tmp_5 [4/5] 4.35ns
:68  %tmp_5 = fmul float %d, %rdz


 <State 20>: 4.35ns
ST_20: a [2/9] 4.35ns
:54  %a = fsub float %v0x, %v1x

ST_20: b [3/9] 4.35ns
:55  %b = fsub float %v0y, %v1y

ST_20: c [4/9] 4.35ns
:56  %c = fsub float %v0z, %v1z

ST_20: j [2/9] 4.35ns
:60  %j = fsub float %v0x, %rex

ST_20: k [3/9] 4.35ns
:61  %k = fsub float %v0y, %rey

ST_20: l [4/9] 4.35ns
:62  %l = fsub float %v0z, %rez

ST_20: tmp [3/5] 4.35ns
:63  %tmp = fmul float %e, %rdz

ST_20: tmp_1 [3/5] 4.35ns
:64  %tmp_1 = fmul float %rdy, %f

ST_20: tmp_4 [3/5] 4.35ns
:67  %tmp_4 = fmul float %rdx, %f

ST_20: tmp_5 [3/5] 4.35ns
:68  %tmp_5 = fmul float %d, %rdz


 <State 21>: 4.35ns
ST_21: a [1/9] 4.35ns
:54  %a = fsub float %v0x, %v1x

ST_21: b [2/9] 4.35ns
:55  %b = fsub float %v0y, %v1y

ST_21: c [3/9] 4.35ns
:56  %c = fsub float %v0z, %v1z

ST_21: j [1/9] 4.35ns
:60  %j = fsub float %v0x, %rex

ST_21: k [2/9] 4.35ns
:61  %k = fsub float %v0y, %rey

ST_21: l [3/9] 4.35ns
:62  %l = fsub float %v0z, %rez

ST_21: tmp [2/5] 4.35ns
:63  %tmp = fmul float %e, %rdz

ST_21: tmp_1 [2/5] 4.35ns
:64  %tmp_1 = fmul float %rdy, %f

ST_21: tmp_4 [2/5] 4.35ns
:67  %tmp_4 = fmul float %rdx, %f

ST_21: tmp_5 [2/5] 4.35ns
:68  %tmp_5 = fmul float %d, %rdz


 <State 22>: 4.35ns
ST_22: b [1/9] 4.35ns
:55  %b = fsub float %v0y, %v1y

ST_22: c [2/9] 4.35ns
:56  %c = fsub float %v0z, %v1z

ST_22: k [1/9] 4.35ns
:61  %k = fsub float %v0y, %rey

ST_22: l [2/9] 4.35ns
:62  %l = fsub float %v0z, %rez

ST_22: tmp [1/5] 4.35ns
:63  %tmp = fmul float %e, %rdz

ST_22: tmp_1 [1/5] 4.35ns
:64  %tmp_1 = fmul float %rdy, %f

ST_22: tmp_4 [1/5] 4.35ns
:67  %tmp_4 = fmul float %rdx, %f

ST_22: tmp_5 [1/5] 4.35ns
:68  %tmp_5 = fmul float %d, %rdz


 <State 23>: 4.35ns
ST_23: c [1/9] 4.35ns
:56  %c = fsub float %v0z, %v1z

ST_23: l [1/9] 4.35ns
:62  %l = fsub float %v0z, %rez

ST_23: tmp_2 [9/9] 4.35ns
:65  %tmp_2 = fsub float %tmp, %tmp_1

ST_23: tmp_6 [9/9] 4.35ns
:69  %tmp_6 = fsub float %tmp_4, %tmp_5


 <State 24>: 4.35ns
ST_24: tmp_2 [8/9] 4.35ns
:65  %tmp_2 = fsub float %tmp, %tmp_1

ST_24: tmp_6 [8/9] 4.35ns
:69  %tmp_6 = fsub float %tmp_4, %tmp_5

ST_24: tmp_12 [5/5] 4.35ns
:78  %tmp_12 = fmul float %a, %k

ST_24: tmp_13 [5/5] 4.35ns
:79  %tmp_13 = fmul float %j, %b

ST_24: tmp_16 [5/5] 4.35ns
:82  %tmp_16 = fmul float %j, %c

ST_24: tmp_17 [5/5] 4.35ns
:83  %tmp_17 = fmul float %a, %l


 <State 25>: 4.35ns
ST_25: tmp_2 [7/9] 4.35ns
:65  %tmp_2 = fsub float %tmp, %tmp_1

ST_25: tmp_6 [7/9] 4.35ns
:69  %tmp_6 = fsub float %tmp_4, %tmp_5

ST_25: tmp_12 [4/5] 4.35ns
:78  %tmp_12 = fmul float %a, %k

ST_25: tmp_13 [4/5] 4.35ns
:79  %tmp_13 = fmul float %j, %b

ST_25: tmp_16 [4/5] 4.35ns
:82  %tmp_16 = fmul float %j, %c

ST_25: tmp_17 [4/5] 4.35ns
:83  %tmp_17 = fmul float %a, %l


 <State 26>: 4.35ns
ST_26: tmp_2 [6/9] 4.35ns
:65  %tmp_2 = fsub float %tmp, %tmp_1

ST_26: tmp_6 [6/9] 4.35ns
:69  %tmp_6 = fsub float %tmp_4, %tmp_5

ST_26: tmp_12 [3/5] 4.35ns
:78  %tmp_12 = fmul float %a, %k

ST_26: tmp_13 [3/5] 4.35ns
:79  %tmp_13 = fmul float %j, %b

ST_26: tmp_16 [3/5] 4.35ns
:82  %tmp_16 = fmul float %j, %c

ST_26: tmp_17 [3/5] 4.35ns
:83  %tmp_17 = fmul float %a, %l


 <State 27>: 4.35ns
ST_27: tmp_2 [5/9] 4.35ns
:65  %tmp_2 = fsub float %tmp, %tmp_1

ST_27: tmp_6 [5/9] 4.35ns
:69  %tmp_6 = fsub float %tmp_4, %tmp_5

ST_27: tmp_9 [5/5] 4.35ns
:72  %tmp_9 = fmul float %d, %rdy

ST_27: tmp_s [5/5] 4.35ns
:73  %tmp_s = fmul float %e, %rdx

ST_27: tmp_12 [2/5] 4.35ns
:78  %tmp_12 = fmul float %a, %k

ST_27: tmp_13 [2/5] 4.35ns
:79  %tmp_13 = fmul float %j, %b

ST_27: tmp_16 [2/5] 4.35ns
:82  %tmp_16 = fmul float %j, %c

ST_27: tmp_17 [2/5] 4.35ns
:83  %tmp_17 = fmul float %a, %l


 <State 28>: 4.35ns
ST_28: tmp_2 [4/9] 4.35ns
:65  %tmp_2 = fsub float %tmp, %tmp_1

ST_28: tmp_6 [4/9] 4.35ns
:69  %tmp_6 = fsub float %tmp_4, %tmp_5

ST_28: tmp_9 [4/5] 4.35ns
:72  %tmp_9 = fmul float %d, %rdy

ST_28: tmp_s [4/5] 4.35ns
:73  %tmp_s = fmul float %e, %rdx

ST_28: tmp_12 [1/5] 4.35ns
:78  %tmp_12 = fmul float %a, %k

ST_28: tmp_13 [1/5] 4.35ns
:79  %tmp_13 = fmul float %j, %b

ST_28: tmp_16 [1/5] 4.35ns
:82  %tmp_16 = fmul float %j, %c

ST_28: tmp_17 [1/5] 4.35ns
:83  %tmp_17 = fmul float %a, %l


 <State 29>: 4.35ns
ST_29: tmp_2 [3/9] 4.35ns
:65  %tmp_2 = fsub float %tmp, %tmp_1

ST_29: tmp_6 [3/9] 4.35ns
:69  %tmp_6 = fsub float %tmp_4, %tmp_5

ST_29: tmp_9 [3/5] 4.35ns
:72  %tmp_9 = fmul float %d, %rdy

ST_29: tmp_s [3/5] 4.35ns
:73  %tmp_s = fmul float %e, %rdx

ST_29: tmp_14 [9/9] 4.35ns
:80  %tmp_14 = fsub float %tmp_12, %tmp_13

ST_29: tmp_18 [9/9] 4.35ns
:84  %tmp_18 = fsub float %tmp_16, %tmp_17


 <State 30>: 4.35ns
ST_30: tmp_2 [2/9] 4.35ns
:65  %tmp_2 = fsub float %tmp, %tmp_1

ST_30: tmp_6 [2/9] 4.35ns
:69  %tmp_6 = fsub float %tmp_4, %tmp_5

ST_30: tmp_9 [2/5] 4.35ns
:72  %tmp_9 = fmul float %d, %rdy

ST_30: tmp_s [2/5] 4.35ns
:73  %tmp_s = fmul float %e, %rdx

ST_30: tmp_14 [8/9] 4.35ns
:80  %tmp_14 = fsub float %tmp_12, %tmp_13

ST_30: tmp_18 [8/9] 4.35ns
:84  %tmp_18 = fsub float %tmp_16, %tmp_17


 <State 31>: 4.35ns
ST_31: tmp_2 [1/9] 4.35ns
:65  %tmp_2 = fsub float %tmp, %tmp_1

ST_31: tmp_6 [1/9] 4.35ns
:69  %tmp_6 = fsub float %tmp_4, %tmp_5

ST_31: tmp_9 [1/5] 4.35ns
:72  %tmp_9 = fmul float %d, %rdy

ST_31: tmp_s [1/5] 4.35ns
:73  %tmp_s = fmul float %e, %rdx

ST_31: tmp_14 [7/9] 4.35ns
:80  %tmp_14 = fsub float %tmp_12, %tmp_13

ST_31: tmp_18 [7/9] 4.35ns
:84  %tmp_18 = fsub float %tmp_16, %tmp_17


 <State 32>: 4.35ns
ST_32: tmp_3 [5/5] 4.35ns
:66  %tmp_3 = fmul float %a, %tmp_2

ST_32: tmp_7 [5/5] 4.35ns
:70  %tmp_7 = fmul float %b, %tmp_6

ST_32: tmp_10 [9/9] 4.35ns
:74  %tmp_10 = fsub float %tmp_9, %tmp_s

ST_32: tmp_14 [6/9] 4.35ns
:80  %tmp_14 = fsub float %tmp_12, %tmp_13

ST_32: tmp_18 [6/9] 4.35ns
:84  %tmp_18 = fsub float %tmp_16, %tmp_17

ST_32: tmp_21 [5/5] 4.35ns
:87  %tmp_21 = fmul float %b, %l

ST_32: tmp_22 [5/5] 4.35ns
:88  %tmp_22 = fmul float %k, %c

ST_32: tmp_32 [5/5] 4.35ns
:102  %tmp_32 = fmul float %j, %tmp_2

ST_32: tmp_33 [5/5] 4.35ns
:103  %tmp_33 = fmul float %k, %tmp_6


 <State 33>: 4.35ns
ST_33: tmp_3 [4/5] 4.35ns
:66  %tmp_3 = fmul float %a, %tmp_2

ST_33: tmp_7 [4/5] 4.35ns
:70  %tmp_7 = fmul float %b, %tmp_6

ST_33: tmp_10 [8/9] 4.35ns
:74  %tmp_10 = fsub float %tmp_9, %tmp_s

ST_33: tmp_14 [5/9] 4.35ns
:80  %tmp_14 = fsub float %tmp_12, %tmp_13

ST_33: tmp_18 [5/9] 4.35ns
:84  %tmp_18 = fsub float %tmp_16, %tmp_17

ST_33: tmp_21 [4/5] 4.35ns
:87  %tmp_21 = fmul float %b, %l

ST_33: tmp_22 [4/5] 4.35ns
:88  %tmp_22 = fmul float %k, %c

ST_33: tmp_32 [4/5] 4.35ns
:102  %tmp_32 = fmul float %j, %tmp_2

ST_33: tmp_33 [4/5] 4.35ns
:103  %tmp_33 = fmul float %k, %tmp_6


 <State 34>: 4.35ns
ST_34: tmp_3 [3/5] 4.35ns
:66  %tmp_3 = fmul float %a, %tmp_2

ST_34: tmp_7 [3/5] 4.35ns
:70  %tmp_7 = fmul float %b, %tmp_6

ST_34: tmp_10 [7/9] 4.35ns
:74  %tmp_10 = fsub float %tmp_9, %tmp_s

ST_34: tmp_14 [4/9] 4.35ns
:80  %tmp_14 = fsub float %tmp_12, %tmp_13

ST_34: tmp_18 [4/9] 4.35ns
:84  %tmp_18 = fsub float %tmp_16, %tmp_17

ST_34: tmp_21 [3/5] 4.35ns
:87  %tmp_21 = fmul float %b, %l

ST_34: tmp_22 [3/5] 4.35ns
:88  %tmp_22 = fmul float %k, %c

ST_34: tmp_32 [3/5] 4.35ns
:102  %tmp_32 = fmul float %j, %tmp_2

ST_34: tmp_33 [3/5] 4.35ns
:103  %tmp_33 = fmul float %k, %tmp_6


 <State 35>: 4.35ns
ST_35: tmp_3 [2/5] 4.35ns
:66  %tmp_3 = fmul float %a, %tmp_2

ST_35: tmp_7 [2/5] 4.35ns
:70  %tmp_7 = fmul float %b, %tmp_6

ST_35: tmp_10 [6/9] 4.35ns
:74  %tmp_10 = fsub float %tmp_9, %tmp_s

ST_35: tmp_14 [3/9] 4.35ns
:80  %tmp_14 = fsub float %tmp_12, %tmp_13

ST_35: tmp_18 [3/9] 4.35ns
:84  %tmp_18 = fsub float %tmp_16, %tmp_17

ST_35: tmp_21 [2/5] 4.35ns
:87  %tmp_21 = fmul float %b, %l

ST_35: tmp_22 [2/5] 4.35ns
:88  %tmp_22 = fmul float %k, %c

ST_35: tmp_32 [2/5] 4.35ns
:102  %tmp_32 = fmul float %j, %tmp_2

ST_35: tmp_33 [2/5] 4.35ns
:103  %tmp_33 = fmul float %k, %tmp_6


 <State 36>: 4.35ns
ST_36: tmp_3 [1/5] 4.35ns
:66  %tmp_3 = fmul float %a, %tmp_2

ST_36: tmp_7 [1/5] 4.35ns
:70  %tmp_7 = fmul float %b, %tmp_6

ST_36: tmp_10 [5/9] 4.35ns
:74  %tmp_10 = fsub float %tmp_9, %tmp_s

ST_36: tmp_14 [2/9] 4.35ns
:80  %tmp_14 = fsub float %tmp_12, %tmp_13

ST_36: tmp_18 [2/9] 4.35ns
:84  %tmp_18 = fsub float %tmp_16, %tmp_17

ST_36: tmp_21 [1/5] 4.35ns
:87  %tmp_21 = fmul float %b, %l

ST_36: tmp_22 [1/5] 4.35ns
:88  %tmp_22 = fmul float %k, %c

ST_36: tmp_32 [1/5] 4.35ns
:102  %tmp_32 = fmul float %j, %tmp_2

ST_36: tmp_33 [1/5] 4.35ns
:103  %tmp_33 = fmul float %k, %tmp_6


 <State 37>: 4.35ns
ST_37: tmp_8 [9/9] 4.35ns
:71  %tmp_8 = fadd float %tmp_3, %tmp_7

ST_37: tmp_10 [4/9] 4.35ns
:74  %tmp_10 = fsub float %tmp_9, %tmp_s

ST_37: tmp_14 [1/9] 4.35ns
:80  %tmp_14 = fsub float %tmp_12, %tmp_13

ST_37: tmp_18 [1/9] 4.35ns
:84  %tmp_18 = fsub float %tmp_16, %tmp_17

ST_37: tmp_23 [9/9] 4.35ns
:89  %tmp_23 = fsub float %tmp_21, %tmp_22

ST_37: tmp_34 [9/9] 4.35ns
:104  %tmp_34 = fadd float %tmp_32, %tmp_33


 <State 38>: 4.35ns
ST_38: tmp_8 [8/9] 4.35ns
:71  %tmp_8 = fadd float %tmp_3, %tmp_7

ST_38: tmp_10 [3/9] 4.35ns
:74  %tmp_10 = fsub float %tmp_9, %tmp_s

ST_38: tmp_15 [5/5] 4.35ns
:81  %tmp_15 = fmul float %f, %tmp_14

ST_38: tmp_19 [5/5] 4.35ns
:85  %tmp_19 = fmul float %e, %tmp_18

ST_38: tmp_23 [8/9] 4.35ns
:89  %tmp_23 = fsub float %tmp_21, %tmp_22

ST_38: tmp_27 [5/5] 4.35ns
:96  %tmp_27 = fmul float %rdz, %tmp_14

ST_38: tmp_28 [5/5] 4.35ns
:97  %tmp_28 = fmul float %rdy, %tmp_18

ST_38: tmp_34 [8/9] 4.35ns
:104  %tmp_34 = fadd float %tmp_32, %tmp_33


 <State 39>: 4.35ns
ST_39: tmp_8 [7/9] 4.35ns
:71  %tmp_8 = fadd float %tmp_3, %tmp_7

ST_39: tmp_10 [2/9] 4.35ns
:74  %tmp_10 = fsub float %tmp_9, %tmp_s

ST_39: tmp_15 [4/5] 4.35ns
:81  %tmp_15 = fmul float %f, %tmp_14

ST_39: tmp_19 [4/5] 4.35ns
:85  %tmp_19 = fmul float %e, %tmp_18

ST_39: tmp_23 [7/9] 4.35ns
:89  %tmp_23 = fsub float %tmp_21, %tmp_22

ST_39: tmp_27 [4/5] 4.35ns
:96  %tmp_27 = fmul float %rdz, %tmp_14

ST_39: tmp_28 [4/5] 4.35ns
:97  %tmp_28 = fmul float %rdy, %tmp_18

ST_39: tmp_34 [7/9] 4.35ns
:104  %tmp_34 = fadd float %tmp_32, %tmp_33


 <State 40>: 4.35ns
ST_40: tmp_8 [6/9] 4.35ns
:71  %tmp_8 = fadd float %tmp_3, %tmp_7

ST_40: tmp_10 [1/9] 4.35ns
:74  %tmp_10 = fsub float %tmp_9, %tmp_s

ST_40: tmp_15 [3/5] 4.35ns
:81  %tmp_15 = fmul float %f, %tmp_14

ST_40: tmp_19 [3/5] 4.35ns
:85  %tmp_19 = fmul float %e, %tmp_18

ST_40: tmp_23 [6/9] 4.35ns
:89  %tmp_23 = fsub float %tmp_21, %tmp_22

ST_40: tmp_27 [3/5] 4.35ns
:96  %tmp_27 = fmul float %rdz, %tmp_14

ST_40: tmp_28 [3/5] 4.35ns
:97  %tmp_28 = fmul float %rdy, %tmp_18

ST_40: tmp_34 [6/9] 4.35ns
:104  %tmp_34 = fadd float %tmp_32, %tmp_33


 <State 41>: 4.35ns
ST_41: tmp_8 [5/9] 4.35ns
:71  %tmp_8 = fadd float %tmp_3, %tmp_7

ST_41: tmp_11 [5/5] 4.35ns
:75  %tmp_11 = fmul float %c, %tmp_10

ST_41: tmp_15 [2/5] 4.35ns
:81  %tmp_15 = fmul float %f, %tmp_14

ST_41: tmp_19 [2/5] 4.35ns
:85  %tmp_19 = fmul float %e, %tmp_18

ST_41: tmp_23 [5/9] 4.35ns
:89  %tmp_23 = fsub float %tmp_21, %tmp_22

ST_41: tmp_27 [2/5] 4.35ns
:96  %tmp_27 = fmul float %rdz, %tmp_14

ST_41: tmp_28 [2/5] 4.35ns
:97  %tmp_28 = fmul float %rdy, %tmp_18

ST_41: tmp_34 [5/9] 4.35ns
:104  %tmp_34 = fadd float %tmp_32, %tmp_33

ST_41: tmp_35 [5/5] 4.35ns
:105  %tmp_35 = fmul float %l, %tmp_10


 <State 42>: 4.35ns
ST_42: tmp_8 [4/9] 4.35ns
:71  %tmp_8 = fadd float %tmp_3, %tmp_7

ST_42: tmp_11 [4/5] 4.35ns
:75  %tmp_11 = fmul float %c, %tmp_10

ST_42: tmp_15 [1/5] 4.35ns
:81  %tmp_15 = fmul float %f, %tmp_14

ST_42: tmp_19 [1/5] 4.35ns
:85  %tmp_19 = fmul float %e, %tmp_18

ST_42: tmp_23 [4/9] 4.35ns
:89  %tmp_23 = fsub float %tmp_21, %tmp_22

ST_42: tmp_27 [1/5] 4.35ns
:96  %tmp_27 = fmul float %rdz, %tmp_14

ST_42: tmp_28 [1/5] 4.35ns
:97  %tmp_28 = fmul float %rdy, %tmp_18

ST_42: tmp_34 [4/9] 4.35ns
:104  %tmp_34 = fadd float %tmp_32, %tmp_33

ST_42: tmp_35 [4/5] 4.35ns
:105  %tmp_35 = fmul float %l, %tmp_10


 <State 43>: 4.35ns
ST_43: tmp_8 [3/9] 4.35ns
:71  %tmp_8 = fadd float %tmp_3, %tmp_7

ST_43: tmp_11 [3/5] 4.35ns
:75  %tmp_11 = fmul float %c, %tmp_10

ST_43: tmp_20 [9/9] 4.35ns
:86  %tmp_20 = fadd float %tmp_15, %tmp_19

ST_43: tmp_23 [3/9] 4.35ns
:89  %tmp_23 = fsub float %tmp_21, %tmp_22

ST_43: tmp_29 [9/9] 4.35ns
:98  %tmp_29 = fadd float %tmp_27, %tmp_28

ST_43: tmp_34 [3/9] 4.35ns
:104  %tmp_34 = fadd float %tmp_32, %tmp_33

ST_43: tmp_35 [3/5] 4.35ns
:105  %tmp_35 = fmul float %l, %tmp_10


 <State 44>: 4.35ns
ST_44: tmp_8 [2/9] 4.35ns
:71  %tmp_8 = fadd float %tmp_3, %tmp_7

ST_44: tmp_11 [2/5] 4.35ns
:75  %tmp_11 = fmul float %c, %tmp_10

ST_44: tmp_20 [8/9] 4.35ns
:86  %tmp_20 = fadd float %tmp_15, %tmp_19

ST_44: tmp_23 [2/9] 4.35ns
:89  %tmp_23 = fsub float %tmp_21, %tmp_22

ST_44: tmp_29 [8/9] 4.35ns
:98  %tmp_29 = fadd float %tmp_27, %tmp_28

ST_44: tmp_34 [2/9] 4.35ns
:104  %tmp_34 = fadd float %tmp_32, %tmp_33

ST_44: tmp_35 [2/5] 4.35ns
:105  %tmp_35 = fmul float %l, %tmp_10


 <State 45>: 4.35ns
ST_45: tmp_8 [1/9] 4.35ns
:71  %tmp_8 = fadd float %tmp_3, %tmp_7

ST_45: tmp_11 [1/5] 4.35ns
:75  %tmp_11 = fmul float %c, %tmp_10

ST_45: tmp_20 [7/9] 4.35ns
:86  %tmp_20 = fadd float %tmp_15, %tmp_19

ST_45: tmp_23 [1/9] 4.35ns
:89  %tmp_23 = fsub float %tmp_21, %tmp_22

ST_45: tmp_29 [7/9] 4.35ns
:98  %tmp_29 = fadd float %tmp_27, %tmp_28

ST_45: tmp_34 [1/9] 4.35ns
:104  %tmp_34 = fadd float %tmp_32, %tmp_33

ST_45: tmp_35 [1/5] 4.35ns
:105  %tmp_35 = fmul float %l, %tmp_10


 <State 46>: 4.35ns
ST_46: m [9/9] 4.35ns
:76  %m = fadd float %tmp_8, %tmp_11

ST_46: tmp_20 [6/9] 4.35ns
:86  %tmp_20 = fadd float %tmp_15, %tmp_19

ST_46: tmp_24 [5/5] 4.35ns
:90  %tmp_24 = fmul float %d, %tmp_23

ST_46: tmp_29 [6/9] 4.35ns
:98  %tmp_29 = fadd float %tmp_27, %tmp_28

ST_46: tmp_30 [5/5] 4.35ns
:99  %tmp_30 = fmul float %rdx, %tmp_23

ST_46: tmp_36 [9/9] 4.35ns
:106  %tmp_36 = fadd float %tmp_34, %tmp_35


 <State 47>: 4.35ns
ST_47: m [8/9] 4.35ns
:76  %m = fadd float %tmp_8, %tmp_11

ST_47: tmp_20 [5/9] 4.35ns
:86  %tmp_20 = fadd float %tmp_15, %tmp_19

ST_47: tmp_24 [4/5] 4.35ns
:90  %tmp_24 = fmul float %d, %tmp_23

ST_47: tmp_29 [5/9] 4.35ns
:98  %tmp_29 = fadd float %tmp_27, %tmp_28

ST_47: tmp_30 [4/5] 4.35ns
:99  %tmp_30 = fmul float %rdx, %tmp_23

ST_47: tmp_36 [8/9] 4.35ns
:106  %tmp_36 = fadd float %tmp_34, %tmp_35


 <State 48>: 4.35ns
ST_48: m [7/9] 4.35ns
:76  %m = fadd float %tmp_8, %tmp_11

ST_48: tmp_20 [4/9] 4.35ns
:86  %tmp_20 = fadd float %tmp_15, %tmp_19

ST_48: tmp_24 [3/5] 4.35ns
:90  %tmp_24 = fmul float %d, %tmp_23

ST_48: tmp_29 [4/9] 4.35ns
:98  %tmp_29 = fadd float %tmp_27, %tmp_28

ST_48: tmp_30 [3/5] 4.35ns
:99  %tmp_30 = fmul float %rdx, %tmp_23

ST_48: tmp_36 [7/9] 4.35ns
:106  %tmp_36 = fadd float %tmp_34, %tmp_35


 <State 49>: 4.35ns
ST_49: m [6/9] 4.35ns
:76  %m = fadd float %tmp_8, %tmp_11

ST_49: tmp_20 [3/9] 4.35ns
:86  %tmp_20 = fadd float %tmp_15, %tmp_19

ST_49: tmp_24 [2/5] 4.35ns
:90  %tmp_24 = fmul float %d, %tmp_23

ST_49: tmp_29 [3/9] 4.35ns
:98  %tmp_29 = fadd float %tmp_27, %tmp_28

ST_49: tmp_30 [2/5] 4.35ns
:99  %tmp_30 = fmul float %rdx, %tmp_23

ST_49: tmp_36 [6/9] 4.35ns
:106  %tmp_36 = fadd float %tmp_34, %tmp_35


 <State 50>: 4.35ns
ST_50: m [5/9] 4.35ns
:76  %m = fadd float %tmp_8, %tmp_11

ST_50: tmp_20 [2/9] 4.35ns
:86  %tmp_20 = fadd float %tmp_15, %tmp_19

ST_50: tmp_24 [1/5] 4.35ns
:90  %tmp_24 = fmul float %d, %tmp_23

ST_50: tmp_29 [2/9] 4.35ns
:98  %tmp_29 = fadd float %tmp_27, %tmp_28

ST_50: tmp_30 [1/5] 4.35ns
:99  %tmp_30 = fmul float %rdx, %tmp_23

ST_50: tmp_36 [5/9] 4.35ns
:106  %tmp_36 = fadd float %tmp_34, %tmp_35


 <State 51>: 4.35ns
ST_51: m [4/9] 4.35ns
:76  %m = fadd float %tmp_8, %tmp_11

ST_51: tmp_20 [1/9] 4.35ns
:86  %tmp_20 = fadd float %tmp_15, %tmp_19

ST_51: tmp_29 [1/9] 4.35ns
:98  %tmp_29 = fadd float %tmp_27, %tmp_28

ST_51: tmp_36 [4/9] 4.35ns
:106  %tmp_36 = fadd float %tmp_34, %tmp_35


 <State 52>: 4.35ns
ST_52: m [3/9] 4.35ns
:76  %m = fadd float %tmp_8, %tmp_11

ST_52: tmp_25 [9/9] 4.35ns
:91  %tmp_25 = fadd float %tmp_20, %tmp_24

ST_52: tmp_31 [9/9] 4.35ns
:100  %tmp_31 = fadd float %tmp_29, %tmp_30

ST_52: tmp_36 [3/9] 4.35ns
:106  %tmp_36 = fadd float %tmp_34, %tmp_35


 <State 53>: 4.35ns
ST_53: m [2/9] 4.35ns
:76  %m = fadd float %tmp_8, %tmp_11

ST_53: tmp_25 [8/9] 4.35ns
:91  %tmp_25 = fadd float %tmp_20, %tmp_24

ST_53: tmp_31 [8/9] 4.35ns
:100  %tmp_31 = fadd float %tmp_29, %tmp_30

ST_53: tmp_36 [2/9] 4.35ns
:106  %tmp_36 = fadd float %tmp_34, %tmp_35


 <State 54>: 4.35ns
ST_54: m [1/9] 4.35ns
:76  %m = fadd float %tmp_8, %tmp_11

ST_54: tmp_25 [7/9] 4.35ns
:91  %tmp_25 = fadd float %tmp_20, %tmp_24

ST_54: tmp_31 [7/9] 4.35ns
:100  %tmp_31 = fadd float %tmp_29, %tmp_30

ST_54: tmp_36 [1/9] 4.35ns
:106  %tmp_36 = fadd float %tmp_34, %tmp_35


 <State 55>: 4.35ns
ST_55: im [30/30] 3.38ns
:77  %im = fdiv float 1.000000e+00, %m

ST_55: tmp_25 [6/9] 4.35ns
:91  %tmp_25 = fadd float %tmp_20, %tmp_24

ST_55: tmp_31 [6/9] 4.35ns
:100  %tmp_31 = fadd float %tmp_29, %tmp_30


 <State 56>: 4.35ns
ST_56: im [29/30] 3.38ns
:77  %im = fdiv float 1.000000e+00, %m

ST_56: tmp_25 [5/9] 4.35ns
:91  %tmp_25 = fadd float %tmp_20, %tmp_24

ST_56: tmp_31 [5/9] 4.35ns
:100  %tmp_31 = fadd float %tmp_29, %tmp_30


 <State 57>: 4.35ns
ST_57: im [28/30] 3.38ns
:77  %im = fdiv float 1.000000e+00, %m

ST_57: tmp_25 [4/9] 4.35ns
:91  %tmp_25 = fadd float %tmp_20, %tmp_24

ST_57: tmp_31 [4/9] 4.35ns
:100  %tmp_31 = fadd float %tmp_29, %tmp_30


 <State 58>: 4.35ns
ST_58: im [27/30] 3.38ns
:77  %im = fdiv float 1.000000e+00, %m

ST_58: tmp_25 [3/9] 4.35ns
:91  %tmp_25 = fadd float %tmp_20, %tmp_24

ST_58: tmp_31 [3/9] 4.35ns
:100  %tmp_31 = fadd float %tmp_29, %tmp_30


 <State 59>: 4.35ns
ST_59: im [26/30] 3.38ns
:77  %im = fdiv float 1.000000e+00, %m

ST_59: tmp_25 [2/9] 4.35ns
:91  %tmp_25 = fadd float %tmp_20, %tmp_24

ST_59: tmp_31 [2/9] 4.35ns
:100  %tmp_31 = fadd float %tmp_29, %tmp_30


 <State 60>: 4.35ns
ST_60: im [25/30] 3.38ns
:77  %im = fdiv float 1.000000e+00, %m

ST_60: tmp_25 [1/9] 4.35ns
:91  %tmp_25 = fadd float %tmp_20, %tmp_24

ST_60: tmp_31 [1/9] 4.35ns
:100  %tmp_31 = fadd float %tmp_29, %tmp_30


 <State 61>: 3.38ns
ST_61: im [24/30] 3.38ns
:77  %im = fdiv float 1.000000e+00, %m


 <State 62>: 3.38ns
ST_62: im [23/30] 3.38ns
:77  %im = fdiv float 1.000000e+00, %m


 <State 63>: 3.38ns
ST_63: im [22/30] 3.38ns
:77  %im = fdiv float 1.000000e+00, %m


 <State 64>: 3.38ns
ST_64: im [21/30] 3.38ns
:77  %im = fdiv float 1.000000e+00, %m


 <State 65>: 3.38ns
ST_65: im [20/30] 3.38ns
:77  %im = fdiv float 1.000000e+00, %m


 <State 66>: 3.38ns
ST_66: im [19/30] 3.38ns
:77  %im = fdiv float 1.000000e+00, %m


 <State 67>: 3.38ns
ST_67: im [18/30] 3.38ns
:77  %im = fdiv float 1.000000e+00, %m


 <State 68>: 3.38ns
ST_68: im [17/30] 3.38ns
:77  %im = fdiv float 1.000000e+00, %m


 <State 69>: 3.38ns
ST_69: im [16/30] 3.38ns
:77  %im = fdiv float 1.000000e+00, %m


 <State 70>: 3.38ns
ST_70: im [15/30] 3.38ns
:77  %im = fdiv float 1.000000e+00, %m


 <State 71>: 3.38ns
ST_71: im [14/30] 3.38ns
:77  %im = fdiv float 1.000000e+00, %m


 <State 72>: 3.38ns
ST_72: im [13/30] 3.38ns
:77  %im = fdiv float 1.000000e+00, %m


 <State 73>: 3.38ns
ST_73: im [12/30] 3.38ns
:77  %im = fdiv float 1.000000e+00, %m


 <State 74>: 3.38ns
ST_74: im [11/30] 3.38ns
:77  %im = fdiv float 1.000000e+00, %m


 <State 75>: 3.38ns
ST_75: im [10/30] 3.38ns
:77  %im = fdiv float 1.000000e+00, %m


 <State 76>: 3.38ns
ST_76: im [9/30] 3.38ns
:77  %im = fdiv float 1.000000e+00, %m


 <State 77>: 3.38ns
ST_77: im [8/30] 3.38ns
:77  %im = fdiv float 1.000000e+00, %m


 <State 78>: 3.38ns
ST_78: im [7/30] 3.38ns
:77  %im = fdiv float 1.000000e+00, %m


 <State 79>: 3.38ns
ST_79: im [6/30] 3.38ns
:77  %im = fdiv float 1.000000e+00, %m


 <State 80>: 3.38ns
ST_80: im [5/30] 3.38ns
:77  %im = fdiv float 1.000000e+00, %m


 <State 81>: 3.38ns
ST_81: im [4/30] 3.38ns
:77  %im = fdiv float 1.000000e+00, %m


 <State 82>: 3.38ns
ST_82: im [3/30] 3.38ns
:77  %im = fdiv float 1.000000e+00, %m


 <State 83>: 3.38ns
ST_83: im [2/30] 3.38ns
:77  %im = fdiv float 1.000000e+00, %m


 <State 84>: 3.38ns
ST_84: im [1/30] 3.38ns
:77  %im = fdiv float 1.000000e+00, %m

ST_84: tmp_26_to_int [1/1] 0.00ns
:92  %tmp_26_to_int = bitcast float %tmp_25 to i32

ST_84: tmp_26_neg [1/1] 1.37ns
:93  %tmp_26_neg = xor i32 %tmp_26_to_int, -2147483648


 <State 85>: 4.35ns
ST_85: tmp_26 [1/1] 0.00ns
:94  %tmp_26 = bitcast i32 %tmp_26_neg to float

ST_85: t [5/5] 4.35ns
:95  %t = fmul float %tmp_26, %im

ST_85: gamma [5/5] 4.35ns
:101  %gamma = fmul float %tmp_31, %im

ST_85: beta [5/5] 4.35ns
:107  %beta = fmul float %tmp_36, %im


 <State 86>: 4.35ns
ST_86: t [4/5] 4.35ns
:95  %t = fmul float %tmp_26, %im

ST_86: gamma [4/5] 4.35ns
:101  %gamma = fmul float %tmp_31, %im

ST_86: beta [4/5] 4.35ns
:107  %beta = fmul float %tmp_36, %im


 <State 87>: 4.35ns
ST_87: t [3/5] 4.35ns
:95  %t = fmul float %tmp_26, %im

ST_87: gamma [3/5] 4.35ns
:101  %gamma = fmul float %tmp_31, %im

ST_87: beta [3/5] 4.35ns
:107  %beta = fmul float %tmp_36, %im


 <State 88>: 4.35ns
ST_88: t [2/5] 4.35ns
:95  %t = fmul float %tmp_26, %im

ST_88: gamma [2/5] 4.35ns
:101  %gamma = fmul float %tmp_31, %im

ST_88: beta [2/5] 4.35ns
:107  %beta = fmul float %tmp_36, %im


 <State 89>: 4.35ns
ST_89: t [1/5] 4.35ns
:95  %t = fmul float %tmp_26, %im

ST_89: gamma [1/5] 4.35ns
:101  %gamma = fmul float %tmp_31, %im

ST_89: beta [1/5] 4.35ns
:107  %beta = fmul float %tmp_36, %im

ST_89: stg_503 [1/1] 0.00ns
:108  call void @_ssdm_op_Write.axis.volatile.floatP.i4P.i4P.i1P.i1P.i1P.i1P(float* %outs_data, i4* %outs_keep_V, i4* %outs_strb_V, i1* %outs_user_V, i1* %outs_last_V, i1* %outs_id_V, i1* %outs_dest_V, float %t, i4 %ins_keep_V_val, i4 %ins_strb_V_val, i1 %ins_user_V_val, i1 false, i1 %ins_id_V_val, i1 %ins_dest_V_val)


 <State 90>: 0.00ns
ST_90: stg_504 [1/1] 0.00ns
:109  call void @_ssdm_op_Write.axis.volatile.floatP.i4P.i4P.i1P.i1P.i1P.i1P(float* %outs_data, i4* %outs_keep_V, i4* %outs_strb_V, i1* %outs_user_V, i1* %outs_last_V, i1* %outs_id_V, i1* %outs_dest_V, float %gamma, i4 %ins_keep_V_val, i4 %ins_strb_V_val, i1 %ins_user_V_val, i1 false, i1 %ins_id_V_val, i1 %ins_dest_V_val)


 <State 91>: 0.00ns
ST_91: stg_505 [1/1] 0.00ns
:0  call void (...)* @_ssdm_op_SpecBitsMap(float* %ins_data), !map !7

ST_91: stg_506 [1/1] 0.00ns
:1  call void (...)* @_ssdm_op_SpecBitsMap(i4* %ins_keep_V), !map !13

ST_91: stg_507 [1/1] 0.00ns
:2  call void (...)* @_ssdm_op_SpecBitsMap(i4* %ins_strb_V), !map !17

ST_91: stg_508 [1/1] 0.00ns
:3  call void (...)* @_ssdm_op_SpecBitsMap(i1* %ins_user_V), !map !21

ST_91: stg_509 [1/1] 0.00ns
:4  call void (...)* @_ssdm_op_SpecBitsMap(i1* %ins_last_V), !map !25

ST_91: stg_510 [1/1] 0.00ns
:5  call void (...)* @_ssdm_op_SpecBitsMap(i1* %ins_id_V), !map !29

ST_91: stg_511 [1/1] 0.00ns
:6  call void (...)* @_ssdm_op_SpecBitsMap(i1* %ins_dest_V), !map !33

ST_91: stg_512 [1/1] 0.00ns
:7  call void (...)* @_ssdm_op_SpecBitsMap(float* %outs_data), !map !37

ST_91: stg_513 [1/1] 0.00ns
:8  call void (...)* @_ssdm_op_SpecBitsMap(i4* %outs_keep_V), !map !43

ST_91: stg_514 [1/1] 0.00ns
:9  call void (...)* @_ssdm_op_SpecBitsMap(i4* %outs_strb_V), !map !47

ST_91: stg_515 [1/1] 0.00ns
:10  call void (...)* @_ssdm_op_SpecBitsMap(i1* %outs_user_V), !map !51

ST_91: stg_516 [1/1] 0.00ns
:11  call void (...)* @_ssdm_op_SpecBitsMap(i1* %outs_last_V), !map !55

ST_91: stg_517 [1/1] 0.00ns
:12  call void (...)* @_ssdm_op_SpecBitsMap(i1* %outs_id_V), !map !59

ST_91: stg_518 [1/1] 0.00ns
:13  call void (...)* @_ssdm_op_SpecBitsMap(i1* %outs_dest_V), !map !63

ST_91: stg_519 [1/1] 0.00ns
:14  call void (...)* @_ssdm_op_SpecTopModule([14 x i8]* @str) nounwind

ST_91: stg_520 [1/1] 0.00ns
:15  call void (...)* @_ssdm_op_SpecInterface(float* %outs_data, i4* %outs_keep_V, i4* %outs_strb_V, i1* %outs_user_V, i1* %outs_last_V, i1* %outs_id_V, i1* %outs_dest_V, [5 x i8]* @p_str, i32 0, i32 0, i32 0, i32 0, [1 x i8]* @p_str1, [1 x i8]* @p_str1, [1 x i8]* @p_str1)

ST_91: stg_521 [1/1] 0.00ns
:16  call void (...)* @_ssdm_op_SpecInterface(float* %ins_data, i4* %ins_keep_V, i4* %ins_strb_V, i1* %ins_user_V, i1* %ins_last_V, i1* %ins_id_V, i1* %ins_dest_V, [5 x i8]* @p_str, i32 0, i32 0, i32 0, i32 0, [1 x i8]* @p_str1, [1 x i8]* @p_str1, [1 x i8]* @p_str1)

ST_91: stg_522 [1/1] 0.00ns
:17  call void (...)* @_ssdm_op_SpecInterface(i32 0, [13 x i8]* @p_str2, i32 0, i32 0, i32 0, i32 0, [1 x i8]* @p_str1, [1 x i8]* @p_str1, [1 x i8]* @p_str1) nounwind

ST_91: stg_523 [1/1] 0.00ns
:110  call void @_ssdm_op_Write.axis.volatile.floatP.i4P.i4P.i1P.i1P.i1P.i1P(float* %outs_data, i4* %outs_keep_V, i4* %outs_strb_V, i1* %outs_user_V, i1* %outs_last_V, i1* %outs_id_V, i1* %outs_dest_V, float %beta, i4 %ins_keep_V_val, i4 %ins_strb_V_val, i1 %ins_user_V_val, i1 %ins_last_V_val, i1 %ins_id_V_val, i1 %ins_dest_V_val)

ST_91: stg_524 [1/1] 0.00ns
:111  ret void



============================================================
+ Verbose Summary: Binding
============================================================
N/A
* FSMD analyzer results:
  - Output states:
  - Chain level:
	State 1
	State 2
	State 3
	State 4
	State 5
	State 6
	State 7
	State 8
	State 9
	State 10
	State 11
	State 12
	State 13
	State 14
	State 15
	State 16
	State 17
	State 18
	State 19
	State 20
	State 21
	State 22
	State 23
	State 24
	State 25
	State 26
	State 27
	State 28
	State 29
	State 30
	State 31
	State 32
	State 33
	State 34
	State 35
	State 36
	State 37
	State 38
	State 39
	State 40
	State 41
	State 42
	State 43
	State 44
	State 45
	State 46
	State 47
	State 48
	State 49
	State 50
	State 51
	State 52
	State 53
	State 54
	State 55
	State 56
	State 57
	State 58
	State 59
	State 60
	State 61
	State 62
	State 63
	State 64
	State 65
	State 66
	State 67
	State 68
	State 69
	State 70
	State 71
	State 72
	State 73
	State 74
	State 75
	State 76
	State 77
	State 78
	State 79
	State 80
	State 81
	State 82
	State 83
	State 84
	State 85
	State 86
	State 87
	State 88
	State 89
	State 90
	State 91


============================================================
+ Verbose Summary: Datapath Resource usage 
============================================================
N/A
