

================================================================
== Vivado HLS Report for 'tri_intersect'
================================================================
* Date:           Fri May 06 17:45:42 2016

* Version:        2015.1 (Build 1215546 on Mon Apr 27 19:24:50 PM 2015)
* Project:        triangle_intersect
* Solution:       tri_intersect
* Product family: zynq
* Target device:  xc7z020clg484-1


================================================================
== Performance Estimates
================================================================
+ Timing (ns): 
    * Summary: 
    +---------+-------+----------+------------+
    |  Clock  | Target| Estimated| Uncertainty|
    +---------+-------+----------+------------+
    |default  |   5.00|      4.35|        0.63|
    +---------+-------+----------+------------+

+ Latency (clock cycles): 
    * Summary: 
    +-----+-----+-----+-----+---------+
    |  Latency  |  Interval | Pipeline|
    | min | max | min | max |   Type  |
    +-----+-----+-----+-----+---------+
    |    9|    9|   10|   10|   none  |
    +-----+-----+-----+-----+---------+

    + Detail: 
        * Instance: 
        N/A

        * Loop: 
        N/A



================================================================
== Utilization Estimates
================================================================
* Summary: 
+-----------------+---------+-------+--------+-------+
|       Name      | BRAM_18K| DSP48E|   FF   |  LUT  |
+-----------------+---------+-------+--------+-------+
|Expression       |        -|      -|       -|      -|
|FIFO             |        -|      -|       -|      -|
|Instance         |        -|      2|     324|    424|
|Memory           |        -|      -|       -|      -|
|Multiplexer      |        -|      -|       -|      5|
|Register         |        -|      -|      55|      -|
+-----------------+---------+-------+--------+-------+
|Total            |        0|      2|     379|    429|
+-----------------+---------+-------+--------+-------+
|Available        |      280|    220|  106400|  53200|
+-----------------+---------+-------+--------+-------+
|Utilization (%)  |        0|   ~0  |   ~0   |   ~0  |
+-----------------+---------+-------+--------+-------+

+ Detail: 
    * Instance: 
    +-----------------------------------------------+--------------------------------------------+---------+-------+-----+-----+
    |                    Instance                   |                   Module                   | BRAM_18K| DSP48E|  FF | LUT |
    +-----------------------------------------------+--------------------------------------------+---------+-------+-----+-----+
    |tri_intersect_fadd_32ns_32ns_32_9_full_dsp_U0  |tri_intersect_fadd_32ns_32ns_32_9_full_dsp  |        0|      2|  324|  424|
    +-----------------------------------------------+--------------------------------------------+---------+-------+-----+-----+
    |Total                                          |                                            |        0|      2|  324|  424|
    +-----------------------------------------------+--------------------------------------------+---------+-------+-----+-----+

    * Memory: 
    N/A

    * FIFO: 
    N/A

    * Expression: 
    N/A

    * Multiplexer: 
    +----------------------------+----+-----------+-----+-----------+
    |            Name            | LUT| Input Size| Bits| Total Bits|
    +----------------------------+----+-----------+-----+-----------+
    |ap_NS_fsm                   |   4|         11|    1|         11|
    |ap_sig_ioackin_outs_TREADY  |   1|          2|    1|          2|
    +----------------------------+----+-----------+-----+-----------+
    |Total                       |   5|         13|    2|         13|
    +----------------------------+----+-----------+-----+-----------+

    * Register: 
    +----------------------------+----+----+-----+-----------+
    |            Name            | FF | LUT| Bits| Const Bits|
    +----------------------------+----+----+-----+-----------+
    |ap_CS_fsm                   |  10|   0|   10|          0|
    |ap_reg_ioackin_outs_TREADY  |   1|   0|    1|          0|
    |ins_data_val_reg_126        |  32|   0|   32|          0|
    |outs_dest_V_tmp_reg_161     |   1|   0|    1|          0|
    |outs_id_V_tmp_reg_156       |   1|   0|    1|          0|
    |outs_keep_V_tmp_reg_136     |   4|   0|    4|          0|
    |outs_last_V_tmp_reg_151     |   1|   0|    1|          0|
    |outs_strb_V_tmp_reg_141     |   4|   0|    4|          0|
    |outs_user_V_tmp_reg_146     |   1|   0|    1|          0|
    +----------------------------+----+----+-----+-----------+
    |Total                       |  55|   0|   55|          0|
    +----------------------------+----+----+-----+-----------+



================================================================
== Interface
================================================================
* Summary: 
+-------------+-----+-----+--------------+---------------+--------------+
|  RTL Ports  | Dir | Bits|   Protocol   | Source Object |    C Type    |
+-------------+-----+-----+--------------+---------------+--------------+
|ap_clk       |  in |    1| ap_ctrl_none | tri_intersect | return value |
|ap_rst_n     |  in |    1| ap_ctrl_none | tri_intersect | return value |
|ins_TDATA    |  in |   32|     axis     |    ins_data   |    pointer   |
|ins_TVALID   |  in |    1|     axis     |    ins_data   |    pointer   |
|ins_TREADY   | out |    1|     axis     |   ins_dest_V  |    pointer   |
|ins_TDEST    |  in |    1|     axis     |   ins_dest_V  |    pointer   |
|ins_TKEEP    |  in |    4|     axis     |   ins_keep_V  |    pointer   |
|ins_TSTRB    |  in |    4|     axis     |   ins_strb_V  |    pointer   |
|ins_TUSER    |  in |    1|     axis     |   ins_user_V  |    pointer   |
|ins_TLAST    |  in |    1|     axis     |   ins_last_V  |    pointer   |
|ins_TID      |  in |    1|     axis     |    ins_id_V   |    pointer   |
|outs_TDATA   | out |   32|     axis     |   outs_data   |    pointer   |
|outs_TVALID  | out |    1|     axis     |  outs_dest_V  |    pointer   |
|outs_TREADY  |  in |    1|     axis     |  outs_dest_V  |    pointer   |
|outs_TDEST   | out |    1|     axis     |  outs_dest_V  |    pointer   |
|outs_TKEEP   | out |    4|     axis     |  outs_keep_V  |    pointer   |
|outs_TSTRB   | out |    4|     axis     |  outs_strb_V  |    pointer   |
|outs_TUSER   | out |    1|     axis     |  outs_user_V  |    pointer   |
|outs_TLAST   | out |    1|     axis     |  outs_last_V  |    pointer   |
|outs_TID     | out |    1|     axis     |   outs_id_V   |    pointer   |
+-------------+-----+-----+--------------+---------------+--------------+

============================================================
+ Verbose Summary: Synthesis Manager
============================================================
InlineROM: 1
ExposeGlobal: 0
============================================================
+ Verbose Summary: CDFG Model
============================================================
IsTopModel: 1
ResetActiveHigh: 1
IsCombinational: 2
IsDatapathOnly: 2
HasWiredReturn: 1
HasMFsm: 0
HasVarLatency: 1
IsPipeline: 0
IsRtlPipelined: 0
IsInstanceOverlapped: 0
IsDontTouch: 0
HasImplIP: 0
IsGatedGlobalClock: 0


============================================================
+ Verbose Summary: Schedule
============================================================
* Number of FSM states: 10
* Pipeline: 0
* Dataflow Pipeline: 0

* FSM state transitions: 
1 --> 
	2  / true
2 --> 
	3  / true
3 --> 
	4  / true
4 --> 
	5  / true
5 --> 
	6  / true
6 --> 
	7  / true
7 --> 
	8  / true
8 --> 
	9  / true
9 --> 
	10  / true
10 --> 
* FSM state operations: 

 <State 1>: 0.00ns
ST_1: empty [1/1] 0.00ns
:18  %empty = call { float, i4, i4, i1, i1, i1, i1 } @_ssdm_op_Read.axis.volatile.floatP.i4P.i4P.i1P.i1P.i1P.i1P(float* %ins_data, i4* %ins_keep_V, i4* %ins_strb_V, i1* %ins_user_V, i1* %ins_last_V, i1* %ins_id_V, i1* %ins_dest_V)

ST_1: ins_data_val [1/1] 0.00ns
:19  %ins_data_val = extractvalue { float, i4, i4, i1, i1, i1, i1 } %empty, 0


 <State 2>: 4.35ns
ST_2: empty_2 [1/1] 0.00ns
:20  %empty_2 = call { float, i4, i4, i1, i1, i1, i1 } @_ssdm_op_Read.axis.volatile.floatP.i4P.i4P.i1P.i1P.i1P.i1P(float* %ins_data, i4* %ins_keep_V, i4* %ins_strb_V, i1* %ins_user_V, i1* %ins_last_V, i1* %ins_id_V, i1* %ins_dest_V)

ST_2: ins_data_val1 [1/1] 0.00ns
:21  %ins_data_val1 = extractvalue { float, i4, i4, i1, i1, i1, i1 } %empty_2, 0

ST_2: outs_keep_V_tmp [1/1] 0.00ns
:22  %outs_keep_V_tmp = extractvalue { float, i4, i4, i1, i1, i1, i1 } %empty_2, 1

ST_2: outs_strb_V_tmp [1/1] 0.00ns
:23  %outs_strb_V_tmp = extractvalue { float, i4, i4, i1, i1, i1, i1 } %empty_2, 2

ST_2: outs_user_V_tmp [1/1] 0.00ns
:24  %outs_user_V_tmp = extractvalue { float, i4, i4, i1, i1, i1, i1 } %empty_2, 3

ST_2: outs_last_V_tmp [1/1] 0.00ns
:25  %outs_last_V_tmp = extractvalue { float, i4, i4, i1, i1, i1, i1 } %empty_2, 4

ST_2: outs_id_V_tmp [1/1] 0.00ns
:26  %outs_id_V_tmp = extractvalue { float, i4, i4, i1, i1, i1, i1 } %empty_2, 5

ST_2: outs_dest_V_tmp [1/1] 0.00ns
:27  %outs_dest_V_tmp = extractvalue { float, i4, i4, i1, i1, i1, i1 } %empty_2, 6

ST_2: outs_data_tmp [9/9] 4.35ns
:28  %outs_data_tmp = fadd float %ins_data_val, %ins_data_val1


 <State 3>: 4.35ns
ST_3: outs_data_tmp [8/9] 4.35ns
:28  %outs_data_tmp = fadd float %ins_data_val, %ins_data_val1


 <State 4>: 4.35ns
ST_4: outs_data_tmp [7/9] 4.35ns
:28  %outs_data_tmp = fadd float %ins_data_val, %ins_data_val1


 <State 5>: 4.35ns
ST_5: outs_data_tmp [6/9] 4.35ns
:28  %outs_data_tmp = fadd float %ins_data_val, %ins_data_val1


 <State 6>: 4.35ns
ST_6: outs_data_tmp [5/9] 4.35ns
:28  %outs_data_tmp = fadd float %ins_data_val, %ins_data_val1


 <State 7>: 4.35ns
ST_7: outs_data_tmp [4/9] 4.35ns
:28  %outs_data_tmp = fadd float %ins_data_val, %ins_data_val1


 <State 8>: 4.35ns
ST_8: outs_data_tmp [3/9] 4.35ns
:28  %outs_data_tmp = fadd float %ins_data_val, %ins_data_val1


 <State 9>: 4.35ns
ST_9: outs_data_tmp [2/9] 4.35ns
:28  %outs_data_tmp = fadd float %ins_data_val, %ins_data_val1


 <State 10>: 4.35ns
ST_10: stg_29 [1/1] 0.00ns
:0  call void (...)* @_ssdm_op_SpecBitsMap(float* %ins_data), !map !7

ST_10: stg_30 [1/1] 0.00ns
:1  call void (...)* @_ssdm_op_SpecBitsMap(i4* %ins_keep_V), !map !13

ST_10: stg_31 [1/1] 0.00ns
:2  call void (...)* @_ssdm_op_SpecBitsMap(i4* %ins_strb_V), !map !17

ST_10: stg_32 [1/1] 0.00ns
:3  call void (...)* @_ssdm_op_SpecBitsMap(i1* %ins_user_V), !map !21

ST_10: stg_33 [1/1] 0.00ns
:4  call void (...)* @_ssdm_op_SpecBitsMap(i1* %ins_last_V), !map !25

ST_10: stg_34 [1/1] 0.00ns
:5  call void (...)* @_ssdm_op_SpecBitsMap(i1* %ins_id_V), !map !29

ST_10: stg_35 [1/1] 0.00ns
:6  call void (...)* @_ssdm_op_SpecBitsMap(i1* %ins_dest_V), !map !33

ST_10: stg_36 [1/1] 0.00ns
:7  call void (...)* @_ssdm_op_SpecBitsMap(float* %outs_data), !map !37

ST_10: stg_37 [1/1] 0.00ns
:8  call void (...)* @_ssdm_op_SpecBitsMap(i4* %outs_keep_V), !map !41

ST_10: stg_38 [1/1] 0.00ns
:9  call void (...)* @_ssdm_op_SpecBitsMap(i4* %outs_strb_V), !map !45

ST_10: stg_39 [1/1] 0.00ns
:10  call void (...)* @_ssdm_op_SpecBitsMap(i1* %outs_user_V), !map !49

ST_10: stg_40 [1/1] 0.00ns
:11  call void (...)* @_ssdm_op_SpecBitsMap(i1* %outs_last_V), !map !53

ST_10: stg_41 [1/1] 0.00ns
:12  call void (...)* @_ssdm_op_SpecBitsMap(i1* %outs_id_V), !map !57

ST_10: stg_42 [1/1] 0.00ns
:13  call void (...)* @_ssdm_op_SpecBitsMap(i1* %outs_dest_V), !map !61

ST_10: stg_43 [1/1] 0.00ns
:14  call void (...)* @_ssdm_op_SpecTopModule([14 x i8]* @str) nounwind

ST_10: stg_44 [1/1] 0.00ns
:15  call void (...)* @_ssdm_op_SpecInterface(float* %outs_data, i4* %outs_keep_V, i4* %outs_strb_V, i1* %outs_user_V, i1* %outs_last_V, i1* %outs_id_V, i1* %outs_dest_V, [5 x i8]* @p_str, i32 0, i32 0, i32 0, i32 0, [1 x i8]* @p_str1, [1 x i8]* @p_str1, [1 x i8]* @p_str1)

ST_10: stg_45 [1/1] 0.00ns
:16  call void (...)* @_ssdm_op_SpecInterface(float* %ins_data, i4* %ins_keep_V, i4* %ins_strb_V, i1* %ins_user_V, i1* %ins_last_V, i1* %ins_id_V, i1* %ins_dest_V, [5 x i8]* @p_str, i32 0, i32 0, i32 0, i32 0, [1 x i8]* @p_str1, [1 x i8]* @p_str1, [1 x i8]* @p_str1)

ST_10: stg_46 [1/1] 0.00ns
:17  call void (...)* @_ssdm_op_SpecInterface(i32 0, [13 x i8]* @p_str2, i32 0, i32 0, i32 0, i32 0, [1 x i8]* @p_str1, [1 x i8]* @p_str1, [1 x i8]* @p_str1) nounwind

ST_10: outs_data_tmp [1/9] 4.35ns
:28  %outs_data_tmp = fadd float %ins_data_val, %ins_data_val1

ST_10: stg_48 [1/1] 0.00ns
:29  call void @_ssdm_op_Write.axis.volatile.floatP.i4P.i4P.i1P.i1P.i1P.i1P(float* %outs_data, i4* %outs_keep_V, i4* %outs_strb_V, i1* %outs_user_V, i1* %outs_last_V, i1* %outs_id_V, i1* %outs_dest_V, float %outs_data_tmp, i4 %outs_keep_V_tmp, i4 %outs_strb_V_tmp, i1 %outs_user_V_tmp, i1 %outs_last_V_tmp, i1 %outs_id_V_tmp, i1 %outs_dest_V_tmp)

ST_10: stg_49 [1/1] 0.00ns
:30  ret void



============================================================
+ Verbose Summary: Binding
============================================================
STG Binding: 
---------------- STG Properties BEGIN ----------------
- Is combinational: 0
- Is one-state seq: 0
- Is datapath-only: 0
- Is clock enabled: 0
- Is pipelined: 0
- Is top level: 1
Port [ Return ] is wired: 1; IO mode=ap_ctrl_none:ce=0
Port [ ins_data]:  wired=1; compound=1; hidden=0; nouse=0; global=0; static=0; extern=0; dir=0; type=0; mode=0x23f1c747600; pingpong=0; private_global=0; IO mode=axis:ce=0
Port [ ins_keep_V]:  wired=1; compound=1; hidden=0; nouse=0; global=0; static=0; extern=0; dir=0; type=0; mode=0x23f1c747330; pingpong=0; private_global=0; IO mode=axis:ce=0
Port [ ins_strb_V]:  wired=1; compound=1; hidden=0; nouse=0; global=0; static=0; extern=0; dir=0; type=0; mode=0x23f1c747b10; pingpong=0; private_global=0; IO mode=axis:ce=0
Port [ ins_user_V]:  wired=1; compound=1; hidden=0; nouse=0; global=0; static=0; extern=0; dir=0; type=0; mode=0x23f1c7473c0; pingpong=0; private_global=0; IO mode=axis:ce=0
Port [ ins_last_V]:  wired=1; compound=1; hidden=0; nouse=0; global=0; static=0; extern=0; dir=0; type=0; mode=0x23f1c747690; pingpong=0; private_global=0; IO mode=axis:ce=0
Port [ ins_id_V]:  wired=1; compound=1; hidden=0; nouse=0; global=0; static=0; extern=0; dir=0; type=0; mode=0x23f1c7477b0; pingpong=0; private_global=0; IO mode=axis:ce=0
Port [ ins_dest_V]:  wired=1; compound=1; hidden=0; nouse=0; global=0; static=0; extern=0; dir=0; type=0; mode=0x23f1c747450; pingpong=0; private_global=0; IO mode=axis:ce=0
Port [ outs_data]:  wired=1; compound=1; hidden=0; nouse=0; global=0; static=0; extern=0; dir=1; type=0; mode=0x23f1c747720; pingpong=0; private_global=0; IO mode=axis:ce=0
Port [ outs_keep_V]:  wired=1; compound=1; hidden=0; nouse=0; global=0; static=0; extern=0; dir=1; type=0; mode=0x23f1c747c30; pingpong=0; private_global=0; IO mode=axis:ce=0
Port [ outs_strb_V]:  wired=1; compound=1; hidden=0; nouse=0; global=0; static=0; extern=0; dir=1; type=0; mode=0x23f1c747a80; pingpong=0; private_global=0; IO mode=axis:ce=0
Port [ outs_user_V]:  wired=1; compound=1; hidden=0; nouse=0; global=0; static=0; extern=0; dir=1; type=0; mode=0x23f1c747840; pingpong=0; private_global=0; IO mode=axis:ce=0
Port [ outs_last_V]:  wired=1; compound=1; hidden=0; nouse=0; global=0; static=0; extern=0; dir=1; type=0; mode=0x23f1c7478d0; pingpong=0; private_global=0; IO mode=axis:ce=0
Port [ outs_id_V]:  wired=1; compound=1; hidden=0; nouse=0; global=0; static=0; extern=0; dir=1; type=0; mode=0x23f1c747cc0; pingpong=0; private_global=0; IO mode=axis:ce=0
Port [ outs_dest_V]:  wired=1; compound=1; hidden=0; nouse=0; global=0; static=0; extern=0; dir=1; type=0; mode=0x23f1c7479f0; pingpong=0; private_global=0; IO mode=axis:ce=0
---------------- STG Properties END ------------------

---------------- Datapath Model BEGIN ----------------

<LifeTime>
<method=bitvector/>
empty           (read         ) [ 00000000000]
ins_data_val    (extractvalue ) [ 00111111111]
empty_2         (read         ) [ 00000000000]
ins_data_val1   (extractvalue ) [ 00011111111]
outs_keep_V_tmp (extractvalue ) [ 00011111111]
outs_strb_V_tmp (extractvalue ) [ 00011111111]
outs_user_V_tmp (extractvalue ) [ 00011111111]
outs_last_V_tmp (extractvalue ) [ 00011111111]
outs_id_V_tmp   (extractvalue ) [ 00011111111]
outs_dest_V_tmp (extractvalue ) [ 00011111111]
stg_29          (specbitsmap  ) [ 00000000000]
stg_30          (specbitsmap  ) [ 00000000000]
stg_31          (specbitsmap  ) [ 00000000000]
stg_32          (specbitsmap  ) [ 00000000000]
stg_33          (specbitsmap  ) [ 00000000000]
stg_34          (specbitsmap  ) [ 00000000000]
stg_35          (specbitsmap  ) [ 00000000000]
stg_36          (specbitsmap  ) [ 00000000000]
stg_37          (specbitsmap  ) [ 00000000000]
stg_38          (specbitsmap  ) [ 00000000000]
stg_39          (specbitsmap  ) [ 00000000000]
stg_40          (specbitsmap  ) [ 00000000000]
stg_41          (specbitsmap  ) [ 00000000000]
stg_42          (specbitsmap  ) [ 00000000000]
stg_43          (spectopmodule) [ 00000000000]
stg_44          (specinterface) [ 00000000000]
stg_45          (specinterface) [ 00000000000]
stg_46          (specinterface) [ 00000000000]
outs_data_tmp   (fadd         ) [ 00000000000]
stg_48          (write        ) [ 00000000000]
stg_49          (ret          ) [ 00000000000]
</LifeTime>

<model>

<comp_list>
<comp id="0" class="1000" name="ins_data">
<pin_list>
<pin id="1" dir="1" index="0" bw="1" slack="0"/>
</pin_list>
<bind>
<StgValue><ssdm name="ins_data"/></StgValue>
</bind>
</comp>

<comp id="2" class="1000" name="ins_keep_V">
<pin_list>
<pin id="3" dir="1" index="0" bw="1" slack="0"/>
</pin_list>
<bind>
<StgValue><ssdm name="ins_keep_V"/></StgValue>
</bind>
</comp>

<comp id="4" class="1000" name="ins_strb_V">
<pin_list>
<pin id="5" dir="1" index="0" bw="1" slack="0"/>
</pin_list>
<bind>
<StgValue><ssdm name="ins_strb_V"/></StgValue>
</bind>
</comp>

<comp id="6" class="1000" name="ins_user_V">
<pin_list>
<pin id="7" dir="1" index="0" bw="1" slack="0"/>
</pin_list>
<bind>
<StgValue><ssdm name="ins_user_V"/></StgValue>
</bind>
</comp>

<comp id="8" class="1000" name="ins_last_V">
<pin_list>
<pin id="9" dir="1" index="0" bw="1" slack="0"/>
</pin_list>
<bind>
<StgValue><ssdm name="ins_last_V"/></StgValue>
</bind>
</comp>

<comp id="10" class="1000" name="ins_id_V">
<pin_list>
<pin id="11" dir="1" index="0" bw="1" slack="0"/>
</pin_list>
<bind>
<StgValue><ssdm name="ins_id_V"/></StgValue>
</bind>
</comp>

<comp id="12" class="1000" name="ins_dest_V">
<pin_list>
<pin id="13" dir="1" index="0" bw="1" slack="0"/>
</pin_list>
<bind>
<StgValue><ssdm name="ins_dest_V"/></StgValue>
</bind>
</comp>

<comp id="14" class="1000" name="outs_data">
<pin_list>
<pin id="15" dir="1" index="0" bw="1" slack="0"/>
</pin_list>
<bind>
<StgValue><ssdm name="outs_data"/></StgValue>
</bind>
</comp>

<comp id="16" class="1000" name="outs_keep_V">
<pin_list>
<pin id="17" dir="1" index="0" bw="1" slack="0"/>
</pin_list>
<bind>
<StgValue><ssdm name="outs_keep_V"/></StgValue>
</bind>
</comp>

<comp id="18" class="1000" name="outs_strb_V">
<pin_list>
<pin id="19" dir="1" index="0" bw="1" slack="0"/>
</pin_list>
<bind>
<StgValue><ssdm name="outs_strb_V"/></StgValue>
</bind>
</comp>

<comp id="20" class="1000" name="outs_user_V">
<pin_list>
<pin id="21" dir="1" index="0" bw="1" slack="0"/>
</pin_list>
<bind>
<StgValue><ssdm name="outs_user_V"/></StgValue>
</bind>
</comp>

<comp id="22" class="1000" name="outs_last_V">
<pin_list>
<pin id="23" dir="1" index="0" bw="1" slack="0"/>
</pin_list>
<bind>
<StgValue><ssdm name="outs_last_V"/></StgValue>
</bind>
</comp>

<comp id="24" class="1000" name="outs_id_V">
<pin_list>
<pin id="25" dir="1" index="0" bw="1" slack="0"/>
</pin_list>
<bind>
<StgValue><ssdm name="outs_id_V"/></StgValue>
</bind>
</comp>

<comp id="26" class="1000" name="outs_dest_V">
<pin_list>
<pin id="27" dir="1" index="0" bw="1" slack="0"/>
</pin_list>
<bind>
<StgValue><ssdm name="outs_dest_V"/></StgValue>
</bind>
</comp>

<comp id="28" class="1001" name="const_28">
<pin_list>
<pin id="29" dir="1" index="0" bw="1" slack="0"/>
</pin_list>
<bind>
<StgValue><ssdm name="_ssdm_op_Read.axis.volatile.floatP.i4P.i4P.i1P.i1P.i1P.i1P"/></StgValue>
</bind>
</comp>

<comp id="30" class="1001" name="const_30">
<pin_list>
<pin id="31" dir="1" index="0" bw="1" slack="2147483647"/>
</pin_list>
<bind>
<StgValue><ssdm name="_ssdm_op_SpecBitsMap"/></StgValue>
</bind>
</comp>

<comp id="32" class="1001" name="const_32">
<pin_list>
<pin id="33" dir="1" index="0" bw="1" slack="2147483647"/>
</pin_list>
<bind>
<StgValue><ssdm name="_ssdm_op_SpecTopModule"/></StgValue>
</bind>
</comp>

<comp id="34" class="1001" name="const_34">
<pin_list>
<pin id="35" dir="1" index="0" bw="1" slack="2147483647"/>
</pin_list>
<bind>
<StgValue><ssdm name="str"/></StgValue>
</bind>
</comp>

<comp id="36" class="1001" name="const_36">
<pin_list>
<pin id="37" dir="1" index="0" bw="1" slack="2147483647"/>
</pin_list>
<bind>
<StgValue><ssdm name="_ssdm_op_SpecInterface"/></StgValue>
</bind>
</comp>

<comp id="38" class="1001" name="const_38">
<pin_list>
<pin id="39" dir="1" index="0" bw="1" slack="2147483647"/>
</pin_list>
<bind>
<StgValue><ssdm name="p_str"/></StgValue>
</bind>
</comp>

<comp id="40" class="1001" name="const_40">
<pin_list>
<pin id="41" dir="1" index="0" bw="1" slack="2147483647"/>
</pin_list>
<bind>
<StgValue><ssdm name=""/></StgValue>
</bind>
</comp>

<comp id="42" class="1001" name="const_42">
<pin_list>
<pin id="43" dir="1" index="0" bw="1" slack="2147483647"/>
</pin_list>
<bind>
<StgValue><ssdm name="p_str1"/></StgValue>
</bind>
</comp>

<comp id="44" class="1001" name="const_44">
<pin_list>
<pin id="45" dir="1" index="0" bw="1" slack="2147483647"/>
</pin_list>
<bind>
<StgValue><ssdm name="p_str2"/></StgValue>
</bind>
</comp>

<comp id="46" class="1001" name="const_46">
<pin_list>
<pin id="47" dir="1" index="0" bw="1" slack="0"/>
</pin_list>
<bind>
<StgValue><ssdm name="_ssdm_op_Write.axis.volatile.floatP.i4P.i4P.i1P.i1P.i1P.i1P"/></StgValue>
</bind>
</comp>

<comp id="48" class="1004" name="grp_read_fu_48">
<pin_list>
<pin id="49" dir="0" index="0" bw="44" slack="0"/>
<pin id="50" dir="0" index="1" bw="32" slack="0"/>
<pin id="51" dir="0" index="2" bw="4" slack="0"/>
<pin id="52" dir="0" index="3" bw="4" slack="0"/>
<pin id="53" dir="0" index="4" bw="1" slack="0"/>
<pin id="54" dir="0" index="5" bw="1" slack="0"/>
<pin id="55" dir="0" index="6" bw="1" slack="0"/>
<pin id="56" dir="0" index="7" bw="1" slack="0"/>
<pin id="57" dir="1" index="8" bw="44" slack="0"/>
</pin_list>
<bind>
<opcode="read(1150) " fcode="read"/>
<opset="empty/1 empty_2/2 "/>
</bind>
</comp>

<comp id="66" class="1004" name="stg_48_write_fu_66">
<pin_list>
<pin id="67" dir="0" index="0" bw="0" slack="0"/>
<pin id="68" dir="0" index="1" bw="32" slack="0"/>
<pin id="69" dir="0" index="2" bw="4" slack="0"/>
<pin id="70" dir="0" index="3" bw="4" slack="0"/>
<pin id="71" dir="0" index="4" bw="1" slack="0"/>
<pin id="72" dir="0" index="5" bw="1" slack="0"/>
<pin id="73" dir="0" index="6" bw="1" slack="0"/>
<pin id="74" dir="0" index="7" bw="1" slack="0"/>
<pin id="75" dir="0" index="8" bw="32" slack="0"/>
<pin id="76" dir="0" index="9" bw="4" slack="8"/>
<pin id="77" dir="0" index="10" bw="4" slack="8"/>
<pin id="78" dir="0" index="11" bw="1" slack="8"/>
<pin id="79" dir="0" index="12" bw="1" slack="8"/>
<pin id="80" dir="0" index="13" bw="1" slack="8"/>
<pin id="81" dir="0" index="14" bw="1" slack="8"/>
<pin id="82" dir="1" index="15" bw="0" slack="2147483647"/>
</pin_list>
<bind>
<opcode="write(1151) " fcode="write"/>
<opset="stg_48/10 "/>
</bind>
</comp>

<comp id="92" class="1004" name="grp_fu_92">
<pin_list>
<pin id="93" dir="0" index="0" bw="32" slack="1"/>
<pin id="94" dir="0" index="1" bw="32" slack="0"/>
<pin id="95" dir="1" index="2" bw="32" slack="0"/>
</pin_list>
<bind>
<opcode="fadd(9) " fcode="fadd"/>
<opset="outs_data_tmp/2 "/>
</bind>
</comp>

<comp id="97" class="1004" name="grp_fu_97">
<pin_list>
<pin id="98" dir="0" index="0" bw="44" slack="0"/>
<pin id="99" dir="1" index="1" bw="32" slack="0"/>
</pin_list>
<bind>
<opcode="extractvalue(56) " fcode="extractvalue"/>
<opset="ins_data_val/1 ins_data_val1/2 "/>
</bind>
</comp>

<comp id="102" class="1004" name="outs_keep_V_tmp_fu_102">
<pin_list>
<pin id="103" dir="0" index="0" bw="44" slack="0"/>
<pin id="104" dir="1" index="1" bw="4" slack="8"/>
</pin_list>
<bind>
<opcode="extractvalue(56) " fcode="extractvalue"/>
<opset="outs_keep_V_tmp/2 "/>
</bind>
</comp>

<comp id="106" class="1004" name="outs_strb_V_tmp_fu_106">
<pin_list>
<pin id="107" dir="0" index="0" bw="44" slack="0"/>
<pin id="108" dir="1" index="1" bw="4" slack="8"/>
</pin_list>
<bind>
<opcode="extractvalue(56) " fcode="extractvalue"/>
<opset="outs_strb_V_tmp/2 "/>
</bind>
</comp>

<comp id="110" class="1004" name="outs_user_V_tmp_fu_110">
<pin_list>
<pin id="111" dir="0" index="0" bw="44" slack="0"/>
<pin id="112" dir="1" index="1" bw="1" slack="8"/>
</pin_list>
<bind>
<opcode="extractvalue(56) " fcode="extractvalue"/>
<opset="outs_user_V_tmp/2 "/>
</bind>
</comp>

<comp id="114" class="1004" name="outs_last_V_tmp_fu_114">
<pin_list>
<pin id="115" dir="0" index="0" bw="44" slack="0"/>
<pin id="116" dir="1" index="1" bw="1" slack="8"/>
</pin_list>
<bind>
<opcode="extractvalue(56) " fcode="extractvalue"/>
<opset="outs_last_V_tmp/2 "/>
</bind>
</comp>

<comp id="118" class="1004" name="outs_id_V_tmp_fu_118">
<pin_list>
<pin id="119" dir="0" index="0" bw="44" slack="0"/>
<pin id="120" dir="1" index="1" bw="1" slack="8"/>
</pin_list>
<bind>
<opcode="extractvalue(56) " fcode="extractvalue"/>
<opset="outs_id_V_tmp/2 "/>
</bind>
</comp>

<comp id="122" class="1004" name="outs_dest_V_tmp_fu_122">
<pin_list>
<pin id="123" dir="0" index="0" bw="44" slack="0"/>
<pin id="124" dir="1" index="1" bw="1" slack="8"/>
</pin_list>
<bind>
<opcode="extractvalue(56) " fcode="extractvalue"/>
<opset="outs_dest_V_tmp/2 "/>
</bind>
</comp>

<comp id="126" class="1005" name="ins_data_val_reg_126">
<pin_list>
<pin id="127" dir="0" index="0" bw="32" slack="1"/>
<pin id="128" dir="1" index="1" bw="32" slack="1"/>
</pin_list>
<bind>
<opset="ins_data_val "/>
</bind>
</comp>

<comp id="131" class="1005" name="ins_data_val1_reg_131">
<pin_list>
<pin id="132" dir="0" index="0" bw="32" slack="1"/>
<pin id="133" dir="1" index="1" bw="32" slack="1"/>
</pin_list>
<bind>
<opset="ins_data_val1 "/>
</bind>
</comp>

<comp id="136" class="1005" name="outs_keep_V_tmp_reg_136">
<pin_list>
<pin id="137" dir="0" index="0" bw="4" slack="8"/>
<pin id="138" dir="1" index="1" bw="4" slack="8"/>
</pin_list>
<bind>
<opset="outs_keep_V_tmp "/>
</bind>
</comp>

<comp id="141" class="1005" name="outs_strb_V_tmp_reg_141">
<pin_list>
<pin id="142" dir="0" index="0" bw="4" slack="8"/>
<pin id="143" dir="1" index="1" bw="4" slack="8"/>
</pin_list>
<bind>
<opset="outs_strb_V_tmp "/>
</bind>
</comp>

<comp id="146" class="1005" name="outs_user_V_tmp_reg_146">
<pin_list>
<pin id="147" dir="0" index="0" bw="1" slack="8"/>
<pin id="148" dir="1" index="1" bw="1" slack="8"/>
</pin_list>
<bind>
<opset="outs_user_V_tmp "/>
</bind>
</comp>

<comp id="151" class="1005" name="outs_last_V_tmp_reg_151">
<pin_list>
<pin id="152" dir="0" index="0" bw="1" slack="8"/>
<pin id="153" dir="1" index="1" bw="1" slack="8"/>
</pin_list>
<bind>
<opset="outs_last_V_tmp "/>
</bind>
</comp>

<comp id="156" class="1005" name="outs_id_V_tmp_reg_156">
<pin_list>
<pin id="157" dir="0" index="0" bw="1" slack="8"/>
<pin id="158" dir="1" index="1" bw="1" slack="8"/>
</pin_list>
<bind>
<opset="outs_id_V_tmp "/>
</bind>
</comp>

<comp id="161" class="1005" name="outs_dest_V_tmp_reg_161">
<pin_list>
<pin id="162" dir="0" index="0" bw="1" slack="8"/>
<pin id="163" dir="1" index="1" bw="1" slack="8"/>
</pin_list>
<bind>
<opset="outs_dest_V_tmp "/>
</bind>
</comp>

</comp_list>

<net_list>
<net id="58"><net_src comp="28" pin="0"/><net_sink comp="48" pin=0"/></net>

<net id="59"><net_src comp="0" pin="0"/><net_sink comp="48" pin=1"/></net>

<net id="60"><net_src comp="2" pin="0"/><net_sink comp="48" pin=2"/></net>

<net id="61"><net_src comp="4" pin="0"/><net_sink comp="48" pin=3"/></net>

<net id="62"><net_src comp="6" pin="0"/><net_sink comp="48" pin=4"/></net>

<net id="63"><net_src comp="8" pin="0"/><net_sink comp="48" pin=5"/></net>

<net id="64"><net_src comp="10" pin="0"/><net_sink comp="48" pin=6"/></net>

<net id="65"><net_src comp="12" pin="0"/><net_sink comp="48" pin=7"/></net>

<net id="83"><net_src comp="46" pin="0"/><net_sink comp="66" pin=0"/></net>

<net id="84"><net_src comp="14" pin="0"/><net_sink comp="66" pin=1"/></net>

<net id="85"><net_src comp="16" pin="0"/><net_sink comp="66" pin=2"/></net>

<net id="86"><net_src comp="18" pin="0"/><net_sink comp="66" pin=3"/></net>

<net id="87"><net_src comp="20" pin="0"/><net_sink comp="66" pin=4"/></net>

<net id="88"><net_src comp="22" pin="0"/><net_sink comp="66" pin=5"/></net>

<net id="89"><net_src comp="24" pin="0"/><net_sink comp="66" pin=6"/></net>

<net id="90"><net_src comp="26" pin="0"/><net_sink comp="66" pin=7"/></net>

<net id="96"><net_src comp="92" pin="2"/><net_sink comp="66" pin=8"/></net>

<net id="100"><net_src comp="48" pin="8"/><net_sink comp="97" pin=0"/></net>

<net id="101"><net_src comp="97" pin="1"/><net_sink comp="92" pin=1"/></net>

<net id="105"><net_src comp="48" pin="8"/><net_sink comp="102" pin=0"/></net>

<net id="109"><net_src comp="48" pin="8"/><net_sink comp="106" pin=0"/></net>

<net id="113"><net_src comp="48" pin="8"/><net_sink comp="110" pin=0"/></net>

<net id="117"><net_src comp="48" pin="8"/><net_sink comp="114" pin=0"/></net>

<net id="121"><net_src comp="48" pin="8"/><net_sink comp="118" pin=0"/></net>

<net id="125"><net_src comp="48" pin="8"/><net_sink comp="122" pin=0"/></net>

<net id="129"><net_src comp="97" pin="1"/><net_sink comp="126" pin=0"/></net>

<net id="130"><net_src comp="126" pin="1"/><net_sink comp="92" pin=0"/></net>

<net id="134"><net_src comp="97" pin="1"/><net_sink comp="131" pin=0"/></net>

<net id="135"><net_src comp="131" pin="1"/><net_sink comp="92" pin=1"/></net>

<net id="139"><net_src comp="102" pin="1"/><net_sink comp="136" pin=0"/></net>

<net id="140"><net_src comp="136" pin="1"/><net_sink comp="66" pin=9"/></net>

<net id="144"><net_src comp="106" pin="1"/><net_sink comp="141" pin=0"/></net>

<net id="145"><net_src comp="141" pin="1"/><net_sink comp="66" pin=10"/></net>

<net id="149"><net_src comp="110" pin="1"/><net_sink comp="146" pin=0"/></net>

<net id="150"><net_src comp="146" pin="1"/><net_sink comp="66" pin=11"/></net>

<net id="154"><net_src comp="114" pin="1"/><net_sink comp="151" pin=0"/></net>

<net id="155"><net_src comp="151" pin="1"/><net_sink comp="66" pin=12"/></net>

<net id="159"><net_src comp="118" pin="1"/><net_sink comp="156" pin=0"/></net>

<net id="160"><net_src comp="156" pin="1"/><net_sink comp="66" pin=13"/></net>

<net id="164"><net_src comp="122" pin="1"/><net_sink comp="161" pin=0"/></net>

<net id="165"><net_src comp="161" pin="1"/><net_sink comp="66" pin=14"/></net>

</net_list>

</model> 
---------------- Datapath Model END ------------------

* FSMD analyzer results:
  - Output states:
	Port: outs_data | {10 }
	Port: outs_keep_V | {10 }
	Port: outs_strb_V | {10 }
	Port: outs_user_V | {10 }
	Port: outs_last_V | {10 }
	Port: outs_id_V | {10 }
	Port: outs_dest_V | {10 }
  - Chain level:
	State 1
	State 2
		outs_data_tmp : 1
	State 3
	State 4
	State 5
	State 6
	State 7
	State 8
	State 9
	State 10
		stg_48 : 1


============================================================
+ Verbose Summary: Datapath Resource usage 
============================================================

* Functional unit list:
|----------|------------------------|---------|---------|---------|
| Operation|     Functional Unit    |  DSP48E |    FF   |   LUT   |
|----------|------------------------|---------|---------|---------|
|   fadd   |        grp_fu_92       |    2    |   324   |   424   |
|----------|------------------------|---------|---------|---------|
|   read   |     grp_read_fu_48     |    0    |    0    |    0    |
|----------|------------------------|---------|---------|---------|
|   write  |   stg_48_write_fu_66   |    0    |    0    |    0    |
|----------|------------------------|---------|---------|---------|
|          |        grp_fu_97       |    0    |    0    |    0    |
|          | outs_keep_V_tmp_fu_102 |    0    |    0    |    0    |
|          | outs_strb_V_tmp_fu_106 |    0    |    0    |    0    |
|extractvalue| outs_user_V_tmp_fu_110 |    0    |    0    |    0    |
|          | outs_last_V_tmp_fu_114 |    0    |    0    |    0    |
|          |  outs_id_V_tmp_fu_118  |    0    |    0    |    0    |
|          | outs_dest_V_tmp_fu_122 |    0    |    0    |    0    |
|----------|------------------------|---------|---------|---------|
|   Total  |                        |    2    |   324   |   424   |
|----------|------------------------|---------|---------|---------|

Memories:
N/A

* Register list:
+-----------------------+--------+
|                       |   FF   |
+-----------------------+--------+
| ins_data_val1_reg_131 |   32   |
|  ins_data_val_reg_126 |   32   |
|outs_dest_V_tmp_reg_161|    1   |
| outs_id_V_tmp_reg_156 |    1   |
|outs_keep_V_tmp_reg_136|    4   |
|outs_last_V_tmp_reg_151|    1   |
|outs_strb_V_tmp_reg_141|    4   |
|outs_user_V_tmp_reg_146|    1   |
+-----------------------+--------+
|         Total         |   76   |
+-----------------------+--------+

* Multiplexer (MUX) list: 
|-----------|------|------|------|--------||---------||---------|
|    Comp   |  Pin | Size |  BW  | S x BW ||  Delay  ||   LUT   |
|-----------|------|------|------|--------||---------||---------|
| grp_fu_92 |  p1  |   2  |  32  |   64   ||    32   |
|-----------|------|------|------|--------||---------||---------|
|   Total   |      |      |      |   64   ||  1.571  ||    32   |
|-----------|------|------|------|--------||---------||---------|



* Summary:
+-----------+--------+--------+--------+--------+
|           | DSP48E |  Delay |   FF   |   LUT  |
+-----------+--------+--------+--------+--------+
|  Function |    2   |    -   |   324  |   424  |
|   Memory  |    -   |    -   |    -   |    -   |
|Multiplexer|    -   |    1   |    -   |   32   |
|  Register |    -   |    -   |   76   |    -   |
+-----------+--------+--------+--------+--------+
|   Total   |    2   |    1   |   400  |   456  |
+-----------+--------+--------+--------+--------+
